BL51 BANKED LINKER/LOCATER V6.22.2.0                                                    03/24/2020  10:48:53  PAGE 1


BL51 BANKED LINKER/LOCATER V6.22.2.0, INVOKED BY:
D:\ENG-SOFTWARE\KEIL_V5\CORE\C51\BIN\BL51.EXE .\Objects\STARTUP.obj, .\Objects\main.obj, .\Objects\rot.obj, .\Objects\te
>> st.obj, .\Objects\bmp.obj, .\Objects\delay.obj, .\Objects\button.obj, .\Objects\dht11.obj, .\Objects\ds1302.obj, .\Ob
>> jects\lcd12864.obj, .\Objects\temps.obj, .\Objects\calendar.obj, .\Objects\zk.obj, .\Objects\uart.obj, D:\Eng-Softwar
>> e\Keil_v5\core\C51\LIB\C51S.LIB TO .\Objects\stc89c516rd PRINT (.\Listings\stc89c516rd.m51) RAMSIZE (256) CODE (0X000
>> 0-0X7FFF) XDATA (0X0000-0X03FF)


MEMORY MODEL: LARGE


INPUT MODULES INCLUDED:
  .\Objects\STARTUP.obj (?C_STARTUP)
  .\Objects\main.obj (MAIN)
  .\Objects\rot.obj (ROT)
  .\Objects\test.obj (TEST)
  .\Objects\bmp.obj (BMP)
  .\Objects\delay.obj (DELAY)
  .\Objects\button.obj (BUTTON)
  .\Objects\dht11.obj (DHT11)
  .\Objects\ds1302.obj (DS1302)
  .\Objects\lcd12864.obj (LCD12864)
  .\Objects\temps.obj (TEMPS)
  .\Objects\calendar.obj (CALENDAR)
  .\Objects\zk.obj (ZK)
  .\Objects\uart.obj (UART)
  D:\Eng-Software\Keil_v5\core\C51\LIB\C51S.LIB (?C_INIT)
  D:\Eng-Software\Keil_v5\core\C51\LIB\C51S.LIB (?C?CLDPTR)
  D:\Eng-Software\Keil_v5\core\C51\LIB\C51S.LIB (?C?CLDOPTR)
  D:\Eng-Software\Keil_v5\core\C51\LIB\C51S.LIB (?C?IMUL)
  D:\Eng-Software\Keil_v5\core\C51\LIB\C51S.LIB (?C?UIDIV)
  D:\Eng-Software\Keil_v5\core\C51\LIB\C51S.LIB (?C?IILDX)
  D:\Eng-Software\Keil_v5\core\C51\LIB\C51S.LIB (?C?ILDIX)
  D:\Eng-Software\Keil_v5\core\C51\LIB\C51S.LIB (?C?PLDXDATA)
  D:\Eng-Software\Keil_v5\core\C51\LIB\C51S.LIB (?C?PLDIXDATA)
  D:\Eng-Software\Keil_v5\core\C51\LIB\C51S.LIB (?C?PSTXDATA)
  D:\Eng-Software\Keil_v5\core\C51\LIB\C51S.LIB (?C?CCASE)
  D:\Eng-Software\Keil_v5\core\C51\LIB\C51S.LIB (ABS)


LINK MAP OF MODULE:  .\Objects\stc89c516rd (?C_STARTUP)


            TYPE    BASE      LENGTH    RELOCATION   SEGMENT NAME
            -----------------------------------------------------

            * * * * * * *   D A T A   M E M O R Y   * * * * * * *
            REG     0000H     0008H     ABSOLUTE     "REG BANK 0"
            DATA    0008H     0007H     UNIT         ?DT?CALENDAR
            DATA    000FH     0006H     UNIT         _DATA_GROUP_
            DATA    0015H     0002H     UNIT         ?DT?DHT11
            DATA    0017H     0001H     UNIT         ?DT?ROT
                    0018H     0008H                  *** GAP ***
            DATA    0020H     0001H     BIT_ADDR     ?BA?BUTTON
            BIT     0021H.0   0000H.3   UNIT         _BIT_GROUP_
            BIT     0021H.3   0000H.1   UNIT         ?BI?CONVER_WEEK?CALENDAR
            BIT     0021H.4   0000H.1   UNIT         ?BI?CALENDAR
                    0021H.5   0000H.3                *** GAP ***
BL51 BANKED LINKER/LOCATER V6.22.2.0                                                  03/24/2020  10:48:53  PAGE 2


            DATA    0022H     0020H     UNIT         ?DT?BUTTON
            IDATA   0042H     0001H     UNIT         ?STACK

            * * * * * * *  X D A T A   M E M O R Y  * * * * * * *
            XDATA   0000H     005EH     UNIT         ?XD?ROT
            XDATA   005EH     002FH     UNIT         ?XD?TEST
            XDATA   008DH     0015H     UNIT         ?XD?DS1302
            XDATA   00A2H     0015H     UNIT         ?XD?UART
            XDATA   00B7H     0013H     UNIT         ?XD?_LCD_DRAWLINE?LCD12864
            XDATA   00CAH     0009H     UNIT         _XDATA_GROUP_
            XDATA   00D3H     0007H     UNIT         ?XD?BUTTON
            XDATA   00DAH     0006H     UNIT         ?XD?DHT11
            XDATA   00E0H     0006H     UNIT         ?XD?TEMPS
            XDATA   00E6H     0004H     UNIT         ?XD?TEST_BUTTONS?TEST
            XDATA   00EAH     0004H     UNIT         ?XD?TEST_LCD12864_DISPLAYPM1?TEST
            XDATA   00EEH     0004H     UNIT         ?XD?_LCD_DRAWLINEX?LCD12864
            XDATA   00F2H     0004H     UNIT         ?XD?_LCD_DRAWLINEY?LCD12864
            XDATA   00F6H     0003H     UNIT         ?XD?CONVER_WEEK?CALENDAR
            XDATA   00F9H     0002H     UNIT         ?XD?TEST_BZ?TEST
            XDATA   00FBH     0002H     UNIT         ?XD?TEST_DISPLAY_TEMPS?TEST
            XDATA   00FDH     0002H     UNIT         ?XD?TEST_DHT?TEST
            XDATA   00FFH     0002H     UNIT         ?XD?_LCD_DRAWPOINT?LCD12864
            XDATA   0101H     0002H     UNIT         ?XD?CALENDAR
            XDATA   0103H     0001H     UNIT         ?XD?TEST_DS1302?TEST

            * * * * * * *   C O D E   M E M O R Y   * * * * * * *
            CODE    0000H     0003H     ABSOLUTE     
            CODE    0003H     0008H     UNIT         ?PR?MAIN?MAIN
            CODE    000BH     0003H     ABSOLUTE     
            CODE    000EH     0015H     UNIT         ?PR?LCD_RDAT?LCD12864
            CODE    0023H     0003H     ABSOLUTE     
            CODE    0026H     1EA0H     UNIT         ?CO?ZK
            CODE    1EC6H     17A4H     UNIT         ?PR?SCREENOUTPUT?ROT
            CODE    366AH     049AH     UNIT         ?PR?CONTROL_SECTION?BUTTON
            CODE    3B04H     0400H     UNIT         ?CO?BMP
            CODE    3F04H     029CH     UNIT         ?CO?CALENDAR
            CODE    41A0H     0254H     UNIT         ?PR?CONVERSION?CALENDAR
            CODE    43F4H     020EH     UNIT         ?CO?ROT
            CODE    4602H     01E0H     UNIT         ?PR?TEST_DHT?TEST
            CODE    47E2H     018DH     UNIT         ?PR?_LCD_DRAWLINE?LCD12864
            CODE    496FH     014BH     UNIT         ?PR?TEST_BUTTONS?TEST
            CODE    4ABAH     014BH     UNIT         ?PR?TEST_DS1302?TEST
            CODE    4C05H     0128H     UNIT         ?C?LIB_CODE
            CODE    4D2DH     011AH     UNIT         ?PR?ROT_T0_TIME?ROT
            CODE    4E47H     0101H     UNIT         ?PR?TEST_BZ?TEST
            CODE    4F48H     0100H     UNIT         ?C_INITSEG
            CODE    5048H     00DEH     UNIT         ?PR?RECOGNITION_KEY?BUTTON
            CODE    5126H     00D6H     UNIT         ?PR?ROT
            CODE    51FCH     00C9H     UNIT         ?PR?_LCD_DRAWPOINT?LCD12864
            CODE    52C5H     00C9H     UNIT         ?PR?_GET_CALE_MOON_DAY?CALENDAR
            CODE    538EH     00C5H     UNIT         ?PR?TEST_DISPLAY_TEMPS?TEST
            CODE    5453H     00B1H     UNIT         ?PR?_LCD_DRAW_PM?LCD12864
            CODE    5504H     00AFH     UNIT         ?PR?_LCD_SCROLLBAR?LCD12864
            CODE    55B3H     008CH     UNIT         ?C_C51STARTUP
            CODE    563FH     0089H     UNIT         ?PR?TEST
            CODE    56C8H     0088H     UNIT         ?PR?TEMP_DATA_COLLATION?TEMPS
            CODE    5750H     0083H     UNIT         ?PR?DHT_RDAT?DHT11
BL51 BANKED LINKER/LOCATER V6.22.2.0                                                  03/24/2020  10:48:53  PAGE 3


            CODE    57D3H     0082H     UNIT         ?PR?UART_TRX_ISR?UART
            CODE    5855H     007CH     UNIT         ?PR?TEST_LCD12864_DISPLAYPM1?TEST
            CODE    58D1H     0078H     UNIT         ?PR?_DHT_BYTE?DHT11
            CODE    5949H     0077H     UNIT         ?PR?_CALCULATEWEEK?CALENDAR
            CODE    59C0H     0071H     UNIT         ?PR?CALENDAR
            CODE    5A31H     0068H     UNIT         ?PR?_LCD_CH_DISPLAY?LCD12864
            CODE    5A99H     0061H     UNIT         ?PR?_DS1302_TIME_COPY?DS1302
            CODE    5AFAH     0058H     UNIT         ?PR?_LCD_DRAW_PM_DAT2?LCD12864
            CODE    5B52H     0055H     UNIT         ?PR?CONVER_WEEK?CALENDAR
            CODE    5BA7H     0052H     UNIT         ?PR?_LCD_DRAW_PM_DAT?LCD12864
            CODE    5BF9H     0051H     UNIT         ?PR?CALCULATION?ROT
            CODE    5C4AH     004FH     UNIT         ?PR?_DS1302_RBYTE?DS1302
            CODE    5C99H     004DH     UNIT         ?PR?LCD12864
            CODE    5CE6H     0049H     UNIT         ?PR?_CALCULATE_TOTALDAYS_OFMONTH?CALENDAR
            CODE    5D2FH     0047H     UNIT         ?PR?ROT_TASKSCHEDULE?ROT
            CODE    5D76H     0043H     UNIT         ?PR?_D_N_MS?DELAY
            CODE    5DB9H     003EH     UNIT         ?PR?DS18B20_RBYTE?TEMPS
            CODE    5DF7H     003CH     UNIT         ?PR?TEST_LCD12864_DISPLAYPM0?TEST
            CODE    5E33H     003CH     UNIT         ?PR?_DS18B20_WBYTE?TEMPS
            CODE    5E6FH     003AH     UNIT         ?PR?_DS1302_WBYTE?DS1302
            CODE    5EA9H     003AH     UNIT         ?PR?DS18B20_INIT?TEMPS
            CODE    5EE3H     0036H     UNIT         ?CO?TEST
            CODE    5F19H     0034H     UNIT         ?PR?BUTTON
            CODE    5F4DH     0034H     UNIT         ?PR?_LCD_DRAWLINEY?LCD12864
            CODE    5F81H     0033H     UNIT         ?PR?DS1302
            CODE    5FB4H     0030H     UNIT         ?PR?LCD_CLR_DDRAM?LCD12864
            CODE    5FE4H     0030H     UNIT         ?PR?_LCD_DRAWLINEX?LCD12864
            CODE    6014H     002DH     UNIT         ?PR?ROT_TASK0?ROT
            CODE    6041H     002BH     UNIT         ?PR?LCD_CLR_GD?LCD12864
            CODE    606CH     0029H     UNIT         ?PR?DS1302_SET_TIME?DS1302
            CODE    6095H     0021H     UNIT         ?PR?D_100MS?DELAY
            CODE    60B6H     0021H     UNIT         ?PR?D_1S?DELAY
            CODE    60D7H     0020H     UNIT         ?PR?DS1302_READ_TIME?DS1302
            CODE    60F7H     0016H     UNIT         ?PR?D_100US?DELAY
            CODE    610DH     0016H     UNIT         ?PR?D_1MS?DELAY
            CODE    6123H     0014H     UNIT         ?PR?DS18B20_CHANGTEMP?TEMPS
            CODE    6137H     0014H     UNIT         ?PR?DS18B20_RTEMPCOM?TEMPS
            CODE    614BH     0014H     UNIT         ?PR?DS18B20_RTEMP?TEMPS
            CODE    615FH     0014H     UNIT         ?PR?CALE_DATA_TRANSFER?CALENDAR
            CODE    6173H     0012H     UNIT         ?PR?ROT_INIT?ROT
            CODE    6185H     0012H     UNIT         ?PR?LCD_INIT?LCD12864
            CODE    6197H     0012H     UNIT         ?PR?_LCD_WDAT?LCD12864
            CODE    61A9H     0012H     UNIT         ?PR?_LCD_WCMD?LCD12864
            CODE    61BBH     0011H     UNIT         ?PR?UART_INIT?UART
            CODE    61CCH     0010H     UNIT         ?PR?TIME0_INIT?ROT
            CODE    61DCH     0010H     UNIT         ?PR?LCD_BUSY?LCD12864
            CODE    61ECH     000EH     UNIT         ?PR?ROT_TASK1?ROT
            CODE    61FAH     000EH     UNIT         ?CO?DS1302
            CODE    6208H     000EH     UNIT         ?PR?_UARTPUTSTR?UART
            CODE    6216H     000DH     UNIT         ?PR?TEMPS
            CODE    6223H     000CH     UNIT         ?PR?_ABS?ABS
            CODE    622FH     000BH     UNIT         ?PR?D_10US?DELAY
            CODE    623AH     000AH     UNIT         ?PR?ROT_TASK3?ROT
            CODE    6244H     0009H     UNIT         ?PR?DELAY
            CODE    624DH     0009H     UNIT         ?PR?DHT11
            CODE    6256H     0005H     UNIT         ?PR?DS1302_INIT?DS1302
            CODE    625BH     0003H     UNIT         ?PR?ROT_TASK2?ROT
BL51 BANKED LINKER/LOCATER V6.22.2.0                                                  03/24/2020  10:48:53  PAGE 4


            CODE    625EH     0003H     UNIT         ?PR?ROT_TASK4?ROT
            CODE    6261H     0001H     UNIT         ?PR?ROT_OS?ROT



OVERLAY MAP OF MODULE:   .\Objects\stc89c516rd (?C_STARTUP)


SEGMENT                                             BIT_GROUP          DATA_GROUP          XDATA_GROUP
  +--> CALLED SEGMENT                            START    LENGTH     START    LENGTH     START    LENGTH
--------------------------------------------------------------------------------------------------------
?C_C51STARTUP                                    -----    -----      -----    -----      -----    -----
  +--> ?PR?MAIN?MAIN
  +--> ?C_INITSEG

?PR?MAIN?MAIN                                    -----    -----      -----    -----      -----    -----
  +--> ?PR?ROT_INIT?ROT
  +--> ?PR?ROT_TASKSCHEDULE?ROT

?PR?ROT_INIT?ROT                                 -----    -----      -----    -----      -----    -----
  +--> ?PR?TIME0_INIT?ROT
  +--> ?PR?UART_INIT?UART
  +--> ?PR?DS1302_INIT?DS1302
  +--> ?PR?LCD_INIT?LCD12864
  +--> ?PR?LCD_CLR_DDRAM?LCD12864
  +--> ?PR?LCD_CLR_GD?LCD12864

?PR?LCD_INIT?LCD12864                            -----    -----      -----    -----      -----    -----
  +--> ?PR?_LCD_WCMD?LCD12864
  +--> ?PR?D_100US?DELAY

?PR?_LCD_WCMD?LCD12864                           -----    -----      -----    -----      -----    -----
  +--> ?PR?LCD_BUSY?LCD12864

?PR?LCD_BUSY?LCD12864                            0021H.0  0000H.1    -----    -----      -----    -----

?PR?D_100US?DELAY                                -----    -----      -----    -----      -----    -----
  +--> ?PR?DELAY

?PR?LCD_CLR_DDRAM?LCD12864                       -----    -----      -----    -----      -----    -----
  +--> ?PR?_LCD_WCMD?LCD12864
  +--> ?PR?LCD12864
  +--> ?PR?_LCD_WDAT?LCD12864

?PR?_LCD_WDAT?LCD12864                           -----    -----      -----    -----      -----    -----
  +--> ?PR?LCD_BUSY?LCD12864

?PR?LCD_CLR_GD?LCD12864                          -----    -----      -----    -----      -----    -----
  +--> ?PR?_LCD_WCMD?LCD12864
  +--> ?PR?LCD12864
  +--> ?PR?_LCD_WDAT?LCD12864

?PR?ROT_TASKSCHEDULE?ROT                         -----    -----      -----    -----      -----    -----
  +--> ?PR?ROT_TASK0?ROT
  +--> ?PR?ROT_TASK1?ROT
  +--> ?PR?ROT_TASK2?ROT
  +--> ?PR?ROT_TASK3?ROT
BL51 BANKED LINKER/LOCATER V6.22.2.0                                                  03/24/2020  10:48:53  PAGE 5


  +--> ?PR?ROT_TASK4?ROT

?PR?ROT_TASK0?ROT                                -----    -----      -----    -----      -----    -----
  +--> ?PR?DS18B20_CHANGTEMP?TEMPS
  +--> ?PR?DS18B20_RTEMP?TEMPS
  +--> ?PR?TEMP_DATA_COLLATION?TEMPS

?PR?DS18B20_CHANGTEMP?TEMPS                      -----    -----      -----    -----      -----    -----
  +--> ?PR?DS18B20_INIT?TEMPS
  +--> ?PR?_D_N_MS?DELAY
  +--> ?PR?_DS18B20_WBYTE?TEMPS

?PR?DS18B20_INIT?TEMPS                           -----    -----      -----    -----      00CAH    0001H
  +--> ?PR?_D_N_MS?DELAY

?PR?_D_N_MS?DELAY                                -----    -----      0010H    0004H      -----    -----
  +--> ?PR?D_100US?DELAY

?PR?_DS18B20_WBYTE?TEMPS                         -----    -----      -----    -----      00CAH    0002H

?PR?DS18B20_RTEMP?TEMPS                          -----    -----      -----    -----      -----    -----
  +--> ?PR?DS18B20_RTEMPCOM?TEMPS
  +--> ?PR?DS18B20_RBYTE?TEMPS

?PR?DS18B20_RTEMPCOM?TEMPS                       -----    -----      -----    -----      -----    -----
  +--> ?PR?DS18B20_INIT?TEMPS
  +--> ?PR?_D_N_MS?DELAY
  +--> ?PR?_DS18B20_WBYTE?TEMPS

?PR?TEMP_DATA_COLLATION?TEMPS                    -----    -----      -----    -----      -----    -----
  +--> ?PR?TEMPS

?PR?ROT_TASK1?ROT                                -----    -----      -----    -----      -----    -----
  +--> ?PR?DHT_RDAT?DHT11

?PR?DHT_RDAT?DHT11                               -----    -----      000FH    0001H      -----    -----
  +--> ?PR?_D_N_MS?DELAY
  +--> ?PR?_DHT_BYTE?DHT11

?PR?_DHT_BYTE?DHT11                              -----    -----      0010H    0001H      -----    -----
  +--> ?PR?DHT11

?PR?ROT_TASK2?ROT                                -----    -----      -----    -----      -----    -----
  +--> ?PR?DS1302_READ_TIME?DS1302

?PR?DS1302_READ_TIME?DS1302                      -----    -----      -----    -----      -----    -----
  +--> ?PR?DS1302
  +--> ?CO?DS1302
  +--> ?PR?_DS1302_RBYTE?DS1302

?PR?_DS1302_RBYTE?DS1302                         -----    -----      -----    -----      -----    -----
  +--> ?PR?DS1302

?PR?ROT_TASK3?ROT                                -----    -----      -----    -----      -----    -----
  +--> ?PR?CALCULATION?ROT

?PR?CALCULATION?ROT                              -----    -----      -----    -----      -----    -----
BL51 BANKED LINKER/LOCATER V6.22.2.0                                                  03/24/2020  10:48:53  PAGE 6


  +--> ?PR?ROT
  +--> ?PR?CONVERSION?CALENDAR
  +--> ?PR?CALE_DATA_TRANSFER?CALENDAR
  +--> ?PR?_CALCULATEWEEK?CALENDAR

?PR?ROT                                          -----    -----      -----    -----      -----    -----
  +--> ?CO?ZK

?PR?CONVERSION?CALENDAR                          0021H.0  0000H.3    -----    -----      00CAH    0009H
  +--> ?PR?CALENDAR
  +--> ?CO?CALENDAR
  +--> ?PR?_GET_CALE_MOON_DAY?CALENDAR

?PR?CALENDAR                                     -----    -----      -----    -----      -----    -----
  +--> ?CO?CALENDAR

?PR?_GET_CALE_MOON_DAY?CALENDAR                  -----    -----      -----    -----      -----    -----
  +--> ?PR?CALENDAR
  +--> ?CO?CALENDAR

?PR?CALE_DATA_TRANSFER?CALENDAR                  -----    -----      -----    -----      -----    -----
  +--> ?PR?CALENDAR

?PR?_CALCULATEWEEK?CALENDAR                      -----    -----      -----    -----      00CAH    0004H
  +--> ?PR?CALENDAR

?PR?ROT_TASK4?ROT                                -----    -----      -----    -----      -----    -----
  +--> ?PR?SCREENOUTPUT?ROT

?PR?SCREENOUTPUT?ROT                             -----    -----      -----    -----      -----    -----
  +--> ?PR?ROT
  +--> ?PR?_LCD_WCMD?LCD12864
  +--> ?PR?_LCD_WDAT?LCD12864
  +--> ?CO?ROT
  +--> ?PR?_LCD_DRAW_PM?LCD12864
  +--> ?CO?ZK
  +--> ?PR?_LCD_DRAW_PM_DAT?LCD12864
  +--> ?PR?_LCD_CH_DISPLAY?LCD12864
  +--> ?PR?_LCD_DRAW_PM_DAT2?LCD12864
  +--> ?PR?_LCD_SCROLLBAR?LCD12864
  +--> ?PR?_DS1302_TIME_COPY?DS1302
  +--> ?PR?_CALCULATEWEEK?CALENDAR
  +--> ?PR?CONVERSION?CALENDAR
  +--> ?PR?LCD_CLR_DDRAM?LCD12864
  +--> ?PR?LCD_CLR_GD?LCD12864

?PR?_LCD_DRAW_PM?LCD12864                        -----    -----      -----    -----      00CAH    0009H
  +--> ?PR?_LCD_WCMD?LCD12864
  +--> ?PR?_LCD_WDAT?LCD12864

?PR?_LCD_DRAW_PM_DAT?LCD12864                    -----    -----      -----    -----      00CAH    0005H
  +--> ?PR?_LCD_WCMD?LCD12864
  +--> ?PR?LCD12864
  +--> ?PR?_LCD_WDAT?LCD12864

?PR?_LCD_CH_DISPLAY?LCD12864                     -----    -----      -----    -----      00CAH    0004H
  +--> ?PR?_LCD_WCMD?LCD12864
BL51 BANKED LINKER/LOCATER V6.22.2.0                                                  03/24/2020  10:48:53  PAGE 7


  +--> ?PR?_LCD_WDAT?LCD12864

?PR?_LCD_DRAW_PM_DAT2?LCD12864                   -----    -----      -----    -----      00CAH    0006H
  +--> ?PR?_LCD_WCMD?LCD12864
  +--> ?PR?LCD12864
  +--> ?PR?_LCD_WDAT?LCD12864

?PR?_LCD_SCROLLBAR?LCD12864                      -----    -----      -----    -----      00CAH    0007H
  +--> ?PR?_LCD_WCMD?LCD12864
  +--> ?PR?_LCD_WDAT?LCD12864

?PR?_DS1302_TIME_COPY?DS1302                     -----    -----      -----    -----      -----    -----
  +--> ?PR?DS1302

*** NEW ROOT ***************************************************

?PR?ROT_T0_TIME?ROT                              -----    -----      0014H    0001H      -----    -----
  +--> ?PR?RECOGNITION_KEY?BUTTON
  +--> ?PR?ROT

?PR?RECOGNITION_KEY?BUTTON                       -----    -----      -----    -----      -----    -----
  +--> ?PR?BUTTON
  +--> ?PR?CONTROL_SECTION?BUTTON

?PR?CONTROL_SECTION?BUTTON                       -----    -----      -----    -----      -----    -----
  +--> ?PR?BUTTON
  +--> ?PR?_DS1302_TIME_COPY?DS1302
  +--> ?PR?DS1302_SET_TIME?DS1302
  +--> ?PR?_CALCULATE_TOTALDAYS_OFMONTH?CALE...

?PR?DS1302_SET_TIME?DS1302                       -----    -----      -----    -----      -----    -----
  +--> ?PR?_DS1302_WBYTE?DS1302
  +--> ?PR?DS1302
  +--> ?CO?DS1302

?PR?_DS1302_WBYTE?DS1302                         -----    -----      -----    -----      -----    -----
  +--> ?PR?DS1302



SYMBOL TABLE OF MODULE:  .\Objects\stc89c516rd (?C_STARTUP)

  VALUE           TYPE          NAME
  ----------------------------------

  -------         MODULE        ?C_STARTUP
  C:55B3H         SEGMENT       ?C_C51STARTUP
  I:0042H         SEGMENT       ?STACK
  C:0000H         PUBLIC        ?C_STARTUP
  D:00E0H         SYMBOL        ACC
  D:00F0H         SYMBOL        B
  D:0083H         SYMBOL        DPH
  D:0082H         SYMBOL        DPL
  N:0000H         SYMBOL        IBPSTACK
  N:0100H         SYMBOL        IBPSTACKTOP
  N:0080H         SYMBOL        IDATALEN
  C:55B6H         SYMBOL        IDATALOOP
BL51 BANKED LINKER/LOCATER V6.22.2.0                                                  03/24/2020  10:48:53  PAGE 8


  N:0000H         SYMBOL        PBPSTACK
  N:0100H         SYMBOL        PBPSTACKTOP
  N:0000H         SYMBOL        PDATALEN
  N:0000H         SYMBOL        PDATASTART
  N:0000H         SYMBOL        PPAGE
  N:0000H         SYMBOL        PPAGEENABLE
  D:00A0H         SYMBOL        PPAGE_SFR
  D:0081H         SYMBOL        SP
  C:55B3H         SYMBOL        STARTUP1
  N:0000H         SYMBOL        XBPSTACK
  N:0000H         SYMBOL        XBPSTACKTOP
  N:0000H         SYMBOL        XDATALEN
  N:0000H         SYMBOL        XDATASTART
  C:0000H         LINE#         126
  C:55B3H         LINE#         133
  C:55B5H         LINE#         134
  C:55B6H         LINE#         135
  C:55B7H         LINE#         136
  C:55B9H         LINE#         185
  C:55BCH         LINE#         196
  -------         ENDMOD        ?C_STARTUP

  -------         MODULE        MAIN
  C:0000H         SYMBOL        _ICE_DUMMY_
  D:0080H         PUBLIC        P0
  D:0090H         PUBLIC        P1
  D:00A0H         PUBLIC        P2
  D:00B0H         PUBLIC        P3
  D:00E8H         PUBLIC        P4
  D:00A8H         PUBLIC        IE
  D:00B8H         PUBLIC        IP
  C:0003H         PUBLIC        main
  D:0098H         PUBLIC        SCON
  D:0088H         PUBLIC        TCON
  D:00C8H         PUBLIC        T2CON
  D:00D0H         PUBLIC        PSW
  -------         PROC          MAIN
  C:0003H         LINE#         14
  C:0003H         LINE#         15
  C:0003H         LINE#         21
  -------         ENDPROC       MAIN
  -------         ENDMOD        MAIN

  -------         MODULE        ROT
  C:0000H         SYMBOL        _ICE_DUMMY_
  D:0080H         PUBLIC        P0
  D:0090H         PUBLIC        P1
  D:00A0H         PUBLIC        P2
  X:0000H         PUBLIC        c_day
  D:00B0H         PUBLIC        P3
  D:00E8H         PUBLIC        P4
  X:0001H         PUBLIC        Sensor_display_switchingSpeed
  B:00A8H.7       PUBLIC        EA
  X:0003H         PUBLIC        SwitchFlag_sign
  X:0005H         PUBLIC        Option_count
  X:0006H         PUBLIC        task0_operating_status_timing
  D:00A8H         PUBLIC        IE
BL51 BANKED LINKER/LOCATER V6.22.2.0                                                  03/24/2020  10:48:53  PAGE 9


  X:0007H         PUBLIC        OptionSite
  D:00B8H         PUBLIC        IP
  C:6261H         PUBLIC        rot_os
  C:1EC6H         PUBLIC        screenOutput
  X:0008H         PUBLIC        OptionCode_old
  C:6014H         PUBLIC        rot_task0
  C:61ECH         PUBLIC        rot_task1
  C:625BH         PUBLIC        rot_task2
  X:000BH         PUBLIC        task0_operating_status
  C:623AH         PUBLIC        rot_task3
  X:000CH         PUBLIC        menuRefreshSign
  C:5D2FH         PUBLIC        rot_taskSchedule
  C:625EH         PUBLIC        rot_task4
  X:000DH         PUBLIC        rot_taskFrequency
  X:0017H         PUBLIC        backDrop
  D:0098H         PUBLIC        SCON
  D:0017H         PUBLIC        menuCode
  D:0089H         PUBLIC        TMOD
  D:0088H         PUBLIC        TCON
  X:0027H         PUBLIC        OptionSite_old
  X:0028H         PUBLIC        OptionSite_old_Direction
  X:0029H         PUBLIC        DisplayOffset
  X:002AH         PUBLIC        rot_taskTrigger
  B:00A8H.1       PUBLIC        ET0
  D:008CH         PUBLIC        TH0
  C:4D2DH         PUBLIC        rot_T0_time
  D:008AH         PUBLIC        TL0
  X:002FH         PUBLIC        rot_taskCounter
  B:0088H.4       PUBLIC        TR0
  C:61CCH         PUBLIC        Time0_init
  X:0039H         PUBLIC        rot_timeBase
  D:00C8H         PUBLIC        T2CON
  X:003BH         PUBLIC        rot_character
  C:6173H         PUBLIC        rot_init
  X:005AH         PUBLIC        SwitchFlag
  X:005CH         PUBLIC        Sensor_switch
  C:5BF9H         PUBLIC        Calculation
  D:00D0H         PUBLIC        PSW
  C:5126H         SYMBOL        Com014E
  C:5126H         SYMBOL        L?0335
  C:5126H         SYMBOL        L?0336
  C:5129H         SYMBOL        L?0337
  C:5134H         SYMBOL        L?0338
  C:514AH         SYMBOL        L?0369
  C:514AH         SYMBOL        L?0370
  C:514CH         SYMBOL        L?0371
  C:5153H         SYMBOL        L?0394
  C:5153H         SYMBOL        L?0395
  C:5155H         SYMBOL        L?0396
  C:515CH         SYMBOL        L?0403
  C:515CH         SYMBOL        L?0404
  C:515EH         SYMBOL        L?0405
  C:5161H         SYMBOL        L?0406
  C:5168H         SYMBOL        L?0424
  C:5168H         SYMBOL        L?0425
  C:516BH         SYMBOL        L?0426
  C:5177H         SYMBOL        L?0431
BL51 BANKED LINKER/LOCATER V6.22.2.0                                                  03/24/2020  10:48:53  PAGE 10


  C:5177H         SYMBOL        L?0432
  C:5181H         SYMBOL        L?0438
  C:5185H         SYMBOL        L?0439
  C:5187H         SYMBOL        L?0440
  C:518EH         SYMBOL        L?0441
  C:518EH         SYMBOL        L?0442
  C:5190H         SYMBOL        L?0443
  C:5199H         SYMBOL        L?0444
  C:51A0H         SYMBOL        L?0445
  C:51A7H         SYMBOL        L?0451
  C:51A8H         SYMBOL        L?0452
  C:51B4H         SYMBOL        L?0453
  C:51BBH         SYMBOL        L?0454
  C:51C2H         SYMBOL        L?0455
  C:51C2H         SYMBOL        L?0456
  C:51C9H         SYMBOL        L?0464
  C:51D8H         SYMBOL        L?0465
  C:51D8H         SYMBOL        L?0466
  C:51E1H         SYMBOL        L?0469
  C:51EEH         SYMBOL        L?0473
  C:51EEH         SYMBOL        L?0474
  C:51F5H         SYMBOL        L?0475
  -------         PROC          COM014E
  -------         ENDPROC       COM014E
  -------         PROC          TIME0_INIT
  C:61CCH         LINE#         57
  C:61CCH         LINE#         58
  C:61CCH         LINE#         59
  C:61CFH         LINE#         60
  C:61D2H         LINE#         61
  C:61D5H         LINE#         62
  C:61D7H         LINE#         63
  C:61D9H         LINE#         64
  C:61DBH         LINE#         66
  -------         ENDPROC       TIME0_INIT
  -------         PROC          ROT_INIT
  C:6173H         LINE#         68
  C:6173H         LINE#         69
  C:6173H         LINE#         70
  C:6176H         LINE#         71
  C:6179H         LINE#         74
  C:617CH         LINE#         75
  C:617FH         LINE#         76
  C:6182H         LINE#         77
  -------         ENDPROC       ROT_INIT
  -------         PROC          CALCULATION
  C:5BF9H         LINE#         84
  C:5BF9H         LINE#         85
  C:5BF9H         LINE#         86
  C:5C0FH         LINE#         87
  C:5C0FH         LINE#         88
  C:5C2AH         LINE#         89
  C:5C41H         LINE#         90
  C:5C49H         LINE#         92
  C:5C49H         LINE#         93
  -------         ENDPROC       CALCULATION
  C:2FD5H         SYMBOL        L?0308
BL51 BANKED LINKER/LOCATER V6.22.2.0                                                  03/24/2020  10:48:53  PAGE 11


  C:2FDFH         SYMBOL        L?0309
  C:2FE9H         SYMBOL        L?0310
  C:2FF3H         SYMBOL        L?0311
  C:2FFDH         SYMBOL        L?0312
  C:3007H         SYMBOL        L?0313
  C:3011H         SYMBOL        L?0314
  C:301BH         SYMBOL        L?0315
  C:3027H         SYMBOL        L?0316
  C:3033H         SYMBOL        L?0317
  C:303FH         SYMBOL        L?0318
  C:304BH         SYMBOL        L?0319
  C:3057H         SYMBOL        L?0320
  C:3063H         SYMBOL        L?0321
  C:306FH         SYMBOL        L?0322
  C:307BH         SYMBOL        L?0323
  C:3087H         SYMBOL        L?0324
  C:3093H         SYMBOL        L?0325
  C:309FH         SYMBOL        L?0326
  C:30BFH         SYMBOL        L?0327
  C:30CBH         SYMBOL        L?0328
  C:30D7H         SYMBOL        L?0329
  C:30E3H         SYMBOL        L?0330
  C:30EFH         SYMBOL        L?0331
  C:30FBH         SYMBOL        L?0332
  C:3107H         SYMBOL        L?0333
  C:3113H         SYMBOL        L?0339
  C:311FH         SYMBOL        L?0340
  C:312BH         SYMBOL        L?0341
  C:3137H         SYMBOL        L?0342
  C:3143H         SYMBOL        L?0343
  C:314FH         SYMBOL        L?0344
  C:315BH         SYMBOL        L?0345
  C:3167H         SYMBOL        L?0346
  C:3173H         SYMBOL        L?0347
  C:317FH         SYMBOL        L?0348
  C:318BH         SYMBOL        L?0349
  C:3197H         SYMBOL        L?0350
  C:31A3H         SYMBOL        L?0351
  C:31AFH         SYMBOL        L?0352
  C:31BBH         SYMBOL        L?0353
  C:31C7H         SYMBOL        L?0354
  C:31D3H         SYMBOL        L?0355
  C:31DFH         SYMBOL        L?0356
  C:31EBH         SYMBOL        L?0357
  C:31F7H         SYMBOL        L?0358
  C:3203H         SYMBOL        L?0359
  C:320FH         SYMBOL        L?0360
  C:321BH         SYMBOL        L?0361
  C:3227H         SYMBOL        L?0362
  C:3233H         SYMBOL        L?0363
  C:323FH         SYMBOL        L?0364
  C:324BH         SYMBOL        L?0365
  C:3257H         SYMBOL        L?0366
  C:3263H         SYMBOL        L?0367
  C:326FH         SYMBOL        L?0368
  C:327BH         SYMBOL        L?0372
  C:3287H         SYMBOL        L?0373
BL51 BANKED LINKER/LOCATER V6.22.2.0                                                  03/24/2020  10:48:53  PAGE 12


  C:32A2H         SYMBOL        L?0374
  C:32AEH         SYMBOL        L?0375
  C:32BAH         SYMBOL        L?0376
  C:3302H         SYMBOL        L?0377
  C:330EH         SYMBOL        L?0378
  C:331AH         SYMBOL        L?0379
  C:3335H         SYMBOL        L?0380
  C:3341H         SYMBOL        L?0381
  C:334CH         SYMBOL        L?0382
  C:3358H         SYMBOL        L?0383
  C:3364H         SYMBOL        L?0384
  C:3370H         SYMBOL        L?0385
  C:337BH         SYMBOL        L?0386
  C:3397H         SYMBOL        L?0387
  C:33A3H         SYMBOL        L?0388
  C:33AFH         SYMBOL        L?0389
  C:33C2H         SYMBOL        L?0390
  C:33CCH         SYMBOL        L?0391
  C:33D8H         SYMBOL        L?0392
  C:33E4H         SYMBOL        L?0393
  C:3400H         SYMBOL        L?0397
  C:340CH         SYMBOL        L?0398
  C:3417H         SYMBOL        L?0399
  C:3423H         SYMBOL        L?0400
  C:3431H         SYMBOL        L?0401
  C:343BH         SYMBOL        L?0402
  C:3447H         SYMBOL        L?0407
  C:3451H         SYMBOL        L?0408
  C:345DH         SYMBOL        L?0409
  C:3469H         SYMBOL        L?0410
  C:3473H         SYMBOL        L?0411
  C:347DH         SYMBOL        L?0412
  C:3489H         SYMBOL        L?0413
  C:3499H         SYMBOL        L?0414
  C:34B0H         SYMBOL        L?0415
  C:34BCH         SYMBOL        L?0416
  C:34C6H         SYMBOL        L?0417
  C:34D6H         SYMBOL        L?0418
  C:34E1H         SYMBOL        L?0419
  C:34EDH         SYMBOL        L?0420
  C:34F9H         SYMBOL        L?0421
  C:3505H         SYMBOL        L?0422
  C:3515H         SYMBOL        L?0423
  C:3521H         SYMBOL        L?0427
  C:3537H         SYMBOL        L?0428
  C:3543H         SYMBOL        L?0429
  C:354DH         SYMBOL        L?0430
  C:3559H         SYMBOL        L?0433
  C:3566H         SYMBOL        L?0434
  C:3570H         SYMBOL        L?0435
  C:357CH         SYMBOL        L?0436
  C:3584H         SYMBOL        L?0437
  C:358DH         SYMBOL        L?0446
  C:3599H         SYMBOL        L?0447
  C:35A3H         SYMBOL        L?0448
  C:35ADH         SYMBOL        L?0449
  C:35B4H         SYMBOL        L?0450
BL51 BANKED LINKER/LOCATER V6.22.2.0                                                  03/24/2020  10:48:53  PAGE 13


  C:35C1H         SYMBOL        L?0457
  C:35CCH         SYMBOL        L?0458
  C:35D7H         SYMBOL        L?0459
  C:35E2H         SYMBOL        L?0460
  C:35EBH         SYMBOL        L?0461
  C:35F2H         SYMBOL        L?0462
  C:35FAH         SYMBOL        L?0463
  C:3602H         SYMBOL        L?0467
  C:3610H         SYMBOL        L?0468
  C:361EH         SYMBOL        L?0470
  C:3628H         SYMBOL        L?0471
  C:3630H         SYMBOL        L?0472
  C:363BH         SYMBOL        L?0476
  C:3645H         SYMBOL        L?0477
  C:364FH         SYMBOL        L?0478
  C:3659H         SYMBOL        L?0479
  C:3660H         SYMBOL        L?0480
  -------         PROC          SCREENOUTPUT
  C:1EC6H         LINE#         95
  C:1EC6H         LINE#         96
  C:1EC6H         LINE#         99
  C:1EE9H         LINE#         100
  C:1EE9H         LINE#         101
  C:1EE9H         LINE#         102
  C:1EF1H         LINE#         103
  C:1EF6H         LINE#         104
  C:1EF8H         LINE#         105
  C:1EFBH         LINE#         106
  C:1F0CH         LINE#         107
  C:1F1DH         LINE#         108
  C:1F29H         LINE#         109
  C:1F35H         LINE#         110
  C:1F41H         LINE#         111
  C:1F4DH         LINE#         112
  C:1F59H         LINE#         113
  C:1F65H         LINE#         114
  C:1F71H         LINE#         115
  C:1F82H         LINE#         116
  C:1F88H         LINE#         117
  C:1F88H         LINE#         118
  C:1F8EH         LINE#         119
  C:1F94H         LINE#         120
  C:1F9AH         LINE#         121
  C:1FA0H         LINE#         122
  C:1FA6H         LINE#         123
  C:1FACH         LINE#         124
  C:1FB2H         LINE#         125
  C:1FBDH         LINE#         126
  C:1FBDH         LINE#         127
  C:1FC5H         LINE#         128
  C:1FC5H         LINE#         129
  C:1FD0H         LINE#         130
  C:1FDBH         LINE#         131
  C:1FE2H         LINE#         132
  C:1FEDH         LINE#         133
  C:1FF8H         LINE#         134
  C:1FFFH         LINE#         135
BL51 BANKED LINKER/LOCATER V6.22.2.0                                                  03/24/2020  10:48:53  PAGE 14


  C:200AH         LINE#         136
  C:201AH         LINE#         137
  C:201AH         LINE#         138
  C:2022H         LINE#         139
  C:2022H         LINE#         140
  C:202DH         LINE#         141
  C:203AH         LINE#         142
  C:203DH         LINE#         143
  C:2048H         LINE#         144
  C:2055H         LINE#         145
  C:2058H         LINE#         146
  C:2063H         LINE#         147
  C:2073H         LINE#         148
  C:2073H         LINE#         149
  C:207BH         LINE#         150
  C:207BH         LINE#         151
  C:2084H         LINE#         152
  C:208FH         LINE#         153
  C:2092H         LINE#         154
  C:209BH         LINE#         155
  C:20A6H         LINE#         156
  C:20A9H         LINE#         157
  C:20B2H         LINE#         158
  C:20C0H         LINE#         159
  C:20C0H         LINE#         161
  C:20CAH         LINE#         162
  C:20D4H         LINE#         163
  C:20DEH         LINE#         164
  C:20E8H         LINE#         165
  C:20F2H         LINE#         166
  C:20FCH         LINE#         167
  C:2106H         LINE#         168
  C:2110H         LINE#         169
  C:211AH         LINE#         170
  C:2124H         LINE#         171
  C:212EH         LINE#         172
  C:2138H         LINE#         173
  C:213DH         LINE#         174
  C:2148H         LINE#         175
  C:2153H         LINE#         176
  C:215EH         LINE#         177
  C:2169H         LINE#         178
  C:2174H         LINE#         179
  C:217FH         LINE#         180
  C:218AH         LINE#         181
  C:2195H         LINE#         182
  C:21A0H         LINE#         183
  C:21ABH         LINE#         184
  C:21B6H         LINE#         185
  C:21C1H         LINE#         186
  C:21CCH         LINE#         187
  C:21D7H         LINE#         188
  C:21E2H         LINE#         189
  C:21EDH         LINE#         190
  C:21F8H         LINE#         191
  C:2203H         LINE#         192
  C:220EH         LINE#         193
BL51 BANKED LINKER/LOCATER V6.22.2.0                                                  03/24/2020  10:48:53  PAGE 15


  C:2219H         LINE#         194
  C:2224H         LINE#         195
  C:222FH         LINE#         196
  C:223AH         LINE#         197
  C:2245H         LINE#         198
  C:2250H         LINE#         199
  C:225BH         LINE#         200
  C:2266H         LINE#         201
  C:2271H         LINE#         202
  C:227CH         LINE#         203
  C:2287H         LINE#         204
  C:229EH         LINE#         205
  C:229EH         LINE#         206
  C:22BAH         LINE#         208
  C:22C4H         LINE#         209
  C:22D0H         LINE#         210
  C:22DCH         LINE#         211
  C:22E8H         LINE#         212
  C:22F4H         LINE#         213
  C:2300H         LINE#         214
  C:230CH         LINE#         215
  C:2318H         LINE#         216
  C:2324H         LINE#         217
  C:2330H         LINE#         219
  C:233AH         LINE#         220
  C:2346H         LINE#         221
  C:2352H         LINE#         222
  C:235EH         LINE#         223
  C:236AH         LINE#         224
  C:2376H         LINE#         225
  C:2382H         LINE#         226
  C:238EH         LINE#         227
  C:239AH         LINE#         228
  C:23A6H         LINE#         229
  C:23B2H         LINE#         230
  C:23BEH         LINE#         232
  C:23CAH         LINE#         233
  C:23D8H         LINE#         234
  C:23E6H         LINE#         235
  C:23F4H         LINE#         236
  C:2402H         LINE#         237
  C:2410H         LINE#         238
  C:241EH         LINE#         239
  C:242CH         LINE#         240
  C:243AH         LINE#         241
  C:2448H         LINE#         242
  C:2456H         LINE#         243
  C:2464H         LINE#         244
  C:246DH         LINE#         245
  C:246DH         LINE#         247
  C:2483H         LINE#         248
  C:2483H         LINE#         249
  C:2490H         LINE#         250
  C:24A1H         LINE#         251
  C:24A6H         LINE#         252
  C:24ABH         LINE#         253
  C:24BFH         LINE#         254
BL51 BANKED LINKER/LOCATER V6.22.2.0                                                  03/24/2020  10:48:53  PAGE 16


  C:24CDH         LINE#         255
  C:24D7H         LINE#         256
  C:24F3H         LINE#         257
  C:24FCH         LINE#         259
  C:24FCH         LINE#         260
  C:2517H         LINE#         261
  C:2517H         LINE#         262
  C:253CH         LINE#         264
  C:254FH         LINE#         265
  C:2564H         LINE#         266
  C:2569H         LINE#         267
  C:2587H         LINE#         268
  C:2595H         LINE#         269
  C:259FH         LINE#         272
  C:25B2H         LINE#         273
  C:25B2H         LINE#         274
  C:25B2H         LINE#         275
  C:25B2H         LINE#         276
  C:25B2H         LINE#         277
  C:25B2H         LINE#         278
  C:25B7H         LINE#         279
  C:25BAH         LINE#         280
  C:25CBH         LINE#         281
  C:25CBH         LINE#         282
  C:25D2H         LINE#         283
  C:25D6H         LINE#         284
  C:25E0H         LINE#         285
  C:25E7H         LINE#         286
  C:25F6H         LINE#         287
  C:25FEH         LINE#         289
  C:260CH         LINE#         290
  C:260CH         LINE#         291
  C:261CH         LINE#         292
  C:2631H         LINE#         293
  C:2634H         LINE#         294
  C:2639H         LINE#         295
  C:2639H         LINE#         296
  C:2642H         LINE#         297
  C:2642H         LINE#         298
  C:265BH         LINE#         299
  C:266DH         LINE#         300
  C:2672H         LINE#         301
  C:2678H         LINE#         302
  C:2678H         LINE#         303
  C:2680H         LINE#         304
  C:268CH         LINE#         305
  C:268CH         LINE#         306
  C:2692H         LINE#         307
  C:269AH         LINE#         308
  C:269AH         LINE#         310
  C:26AAH         LINE#         313
  C:26C1H         LINE#         316
  C:26C6H         LINE#         317
  C:26FFH         LINE#         318
  C:2728H         LINE#         319
  C:2758H         LINE#         320
  C:276EH         LINE#         321
BL51 BANKED LINKER/LOCATER V6.22.2.0                                                  03/24/2020  10:48:53  PAGE 17


  C:27A7H         LINE#         322
  C:27D9H         LINE#         323
  C:2814H         LINE#         327
  C:2817H         LINE#         328
  C:2817H         LINE#         330
  C:2817H         LINE#         331
  C:282FH         LINE#         333
  C:2836H         LINE#         334
  C:283AH         LINE#         335
  C:2844H         LINE#         336
  C:284BH         LINE#         338
  C:2855H         LINE#         339
  C:2866H         LINE#         340
  C:2877H         LINE#         341
  C:2883H         LINE#         342
  C:288EH         LINE#         343
  C:2895H         LINE#         344
  C:2898H         LINE#         345
  C:28A9H         LINE#         346
  C:28BAH         LINE#         347
  C:28C9H         LINE#         352
  C:28E5H         LINE#         353
  C:28EEH         LINE#         354
  C:28FBH         LINE#         355
  C:2908H         LINE#         356
  C:2915H         LINE#         357
  C:2922H         LINE#         358
  C:292FH         LINE#         359
  C:2942H         LINE#         361
  C:295FH         LINE#         363
  C:2970H         LINE#         365
  C:297AH         LINE#         366
  C:2988H         LINE#         367
  C:2996H         LINE#         368
  C:29A4H         LINE#         369
  C:29B2H         LINE#         370
  C:29C0H         LINE#         371
  C:29CEH         LINE#         372
  C:29DCH         LINE#         373
  C:29EAH         LINE#         374
  C:29F8H         LINE#         376
  C:2A04H         LINE#         377
  C:2A12H         LINE#         378
  C:2A20H         LINE#         379
  C:2A2EH         LINE#         380
  C:2A3CH         LINE#         381
  C:2A4AH         LINE#         382
  C:2A58H         LINE#         383
  C:2A66H         LINE#         384
  C:2A74H         LINE#         385
  C:2A82H         LINE#         386
  C:2A90H         LINE#         387
  C:2A9EH         LINE#         389
  C:2AACH         LINE#         390
  C:2ABCH         LINE#         391
  C:2ACCH         LINE#         392
  C:2ADCH         LINE#         393
BL51 BANKED LINKER/LOCATER V6.22.2.0                                                  03/24/2020  10:48:53  PAGE 18


  C:2AECH         LINE#         394
  C:2AFCH         LINE#         395
  C:2B0CH         LINE#         396
  C:2B1CH         LINE#         397
  C:2B2CH         LINE#         398
  C:2B3CH         LINE#         399
  C:2B52H         LINE#         400
  C:2B62H         LINE#         401
  C:2B6FH         LINE#         402
  C:2B7AH         LINE#         403
  C:2B85H         LINE#         404
  C:2B90H         LINE#         405
  C:2B9BH         LINE#         406
  C:2BA6H         LINE#         407
  C:2BB1H         LINE#         408
  C:2BBCH         LINE#         409
  C:2BC7H         LINE#         410
  C:2BD2H         LINE#         411
  C:2BDDH         LINE#         412
  C:2BE8H         LINE#         413
  C:2BF3H         LINE#         414
  C:2BF8H         LINE#         415
  C:2C03H         LINE#         416
  C:2C0EH         LINE#         417
  C:2C19H         LINE#         418
  C:2C24H         LINE#         419
  C:2C2FH         LINE#         420
  C:2C3AH         LINE#         421
  C:2C45H         LINE#         422
  C:2C50H         LINE#         423
  C:2C5BH         LINE#         424
  C:2C66H         LINE#         425
  C:2C71H         LINE#         426
  C:2C7CH         LINE#         427
  C:2C87H         LINE#         428
  C:2C92H         LINE#         429
  C:2C9DH         LINE#         430
  C:2CA8H         LINE#         431
  C:2CB3H         LINE#         432
  C:2CBEH         LINE#         433
  C:2CC9H         LINE#         434
  C:2CD4H         LINE#         435
  C:2CDFH         LINE#         436
  C:2CEAH         LINE#         437
  C:2CF5H         LINE#         438
  C:2D00H         LINE#         439
  C:2D0BH         LINE#         440
  C:2D16H         LINE#         441
  C:2D21H         LINE#         442
  C:2D2CH         LINE#         443
  C:2D37H         LINE#         444
  C:2D42H         LINE#         446
  C:2D57H         LINE#         447
  C:2D57H         LINE#         448
  C:2D5DH         LINE#         449
  C:2D63H         LINE#         450
  C:2D7AH         LINE#         451
BL51 BANKED LINKER/LOCATER V6.22.2.0                                                  03/24/2020  10:48:53  PAGE 19


  C:2D7AH         LINE#         452
  C:2D87H         LINE#         453
  C:2DA2H         LINE#         454
  C:2DAEH         LINE#         455
  C:2DBAH         LINE#         456
  C:2DDBH         LINE#         457
  C:2DE8H         LINE#         458
  C:2DE8H         LINE#         459
  C:2DF0H         LINE#         460
  C:2DF0H         LINE#         461
  C:2DF1H         LINE#         462
  C:2DF1H         LINE#         463
  C:2DF1H         LINE#         464
  C:2DF1H         LINE#         465
  C:2DF9H         LINE#         466
  C:2DFDH         LINE#         467
  C:2E0BH         LINE#         468
  C:2E0BH         LINE#         469
  C:2E0BH         LINE#         470
  C:2E0BH         LINE#         471
  C:2E1CH         LINE#         473
  C:2E1CH         LINE#         474
  C:2E1CH         LINE#         475
  C:2E1CH         LINE#         476
  C:2E22H         LINE#         478
  C:2E22H         LINE#         480
  C:2E2EH         LINE#         481
  C:2E32H         LINE#         482
  C:2E40H         LINE#         483
  C:2E52H         LINE#         490
  C:2E66H         LINE#         491
  C:2E73H         LINE#         492
  C:2E7CH         LINE#         493
  C:2E85H         LINE#         494
  C:2E9EH         LINE#         495
  C:2EB7H         LINE#         496
  C:2EC1H         LINE#         497
  C:2ED2H         LINE#         498
  C:2EE7H         LINE#         499
  C:2F00H         LINE#         500
  C:2F19H         LINE#         501
  C:2F35H         LINE#         502
  C:2F44H         LINE#         503
  C:2F44H         LINE#         504
  C:2F50H         LINE#         505
  C:2F50H         LINE#         506
  C:2F50H         LINE#         507
  C:2F50H         LINE#         508
  C:2F56H         LINE#         510
  C:2F6AH         LINE#         511
  C:2F6AH         LINE#         512
  C:2F80H         LINE#         513
  C:2F98H         LINE#         514
  C:2FA9H         LINE#         515
  C:2FBAH         LINE#         516
  C:2FCCH         LINE#         517
  C:2FCCH         LINE#         518
BL51 BANKED LINKER/LOCATER V6.22.2.0                                                  03/24/2020  10:48:53  PAGE 20


  C:2FD4H         LINE#         519
  C:2FD4H         LINE#         520
  C:2FD4H         LINE#         521
  C:2FD4H         LINE#         523
  C:2FD4H         LINE#         527
  -------         ENDPROC       SCREENOUTPUT
  -------         PROC          ROT_TASK0
  C:6014H         LINE#         584
  C:6014H         LINE#         585
  C:6014H         LINE#         586
  C:6027H         LINE#         587
  C:603EH         LINE#         589
  C:6040H         LINE#         590
  -------         ENDPROC       ROT_TASK0
  -------         PROC          ROT_TASK1
  C:61ECH         LINE#         591
  -------         ENDPROC       ROT_TASK1
  -------         PROC          ROT_TASK2
  C:625BH         LINE#         592
  -------         ENDPROC       ROT_TASK2
  -------         PROC          ROT_TASK3
  C:623AH         LINE#         593
  -------         ENDPROC       ROT_TASK3
  -------         PROC          ROT_TASK4
  C:625EH         LINE#         594
  -------         ENDPROC       ROT_TASK4
  -------         PROC          ROT_TASKSCHEDULE
  C:5D2FH         LINE#         596
  C:5D2FH         LINE#         597
  C:5D2FH         LINE#         598
  C:5D3DH         LINE#         599
  C:5D4BH         LINE#         600
  C:5D59H         LINE#         601
  C:5D67H         LINE#         602
  C:5D75H         LINE#         603
  -------         ENDPROC       ROT_TASKSCHEDULE
  -------         PROC          ROT_T0_TIME
  -------         DO            
  D:0014H         SYMBOL        i
  -------         ENDDO         
  C:4D2DH         LINE#         604
  C:4D51H         LINE#         608
  C:4D54H         LINE#         609
  C:4D57H         LINE#         610
  C:4D74H         LINE#         611
  C:4D8AH         LINE#         612
  C:4DD1H         LINE#         615
  C:4DD9H         LINE#         616
  C:4DEAH         LINE#         617
  C:4DF7H         LINE#         618
  C:4DF7H         LINE#         619
  C:4E25H         LINE#         621
  -------         ENDPROC       ROT_T0_TIME
  -------         PROC          ROT_OS
  C:6261H         LINE#         623
  C:6261H         LINE#         624
  C:6261H         LINE#         626
BL51 BANKED LINKER/LOCATER V6.22.2.0                                                  03/24/2020  10:48:53  PAGE 21


  -------         ENDPROC       ROT_OS
  -------         ENDMOD        ROT

  -------         MODULE        TEST
  C:0000H         SYMBOL        _ICE_DUMMY_
  D:0080H         PUBLIC        P0
  D:0090H         PUBLIC        P1
  C:5EE3H         PUBLIC        test_ds1302_ver_0
  D:00A0H         PUBLIC        P2
  D:00B0H         PUBLIC        P3
  D:00E8H         PUBLIC        P4
  C:5DF7H         PUBLIC        test_lcd12864_displayPM0
  C:5855H         PUBLIC        test_lcd12864_displayPM1
  D:00A8H         PUBLIC        IE
  D:00B8H         PUBLIC        IP
  B:0090H.5       PUBLIC        BZ
  X:005EH         PUBLIC        init_ds_dat_time
  X:0065H         PUBLIC        time_clock
  C:538EH         PUBLIC        test_display_temps
  C:5EF8H         PUBLIC        test_key_ver_0
  D:0098H         PUBLIC        SCON
  D:0088H         PUBLIC        TCON
  C:496FH         PUBLIC        test_buttons
  C:4E47H         PUBLIC        test_BZ
  C:4ABAH         PUBLIC        test_ds1302
  X:0066H         PUBLIC        BZ_Forbiddenbit
  X:006AH         PUBLIC        c
  C:4602H         PUBLIC        test_dht
  D:00C8H         PUBLIC        T2CON
  X:006DH         PUBLIC        ver_key
  D:00D0H         PUBLIC        PSW
  C:563FH         SYMBOL        Com006B
  C:563FH         SYMBOL        L?0108
  C:5649H         SYMBOL        L?0109
  C:564CH         SYMBOL        L?0110
  C:5658H         SYMBOL        L?0115
  C:5658H         SYMBOL        L?0116
  C:565DH         SYMBOL        L?0117
  C:5667H         SYMBOL        L?0124
  C:5667H         SYMBOL        L?0125
  C:5668H         SYMBOL        L?0126
  C:566EH         SYMBOL        L?0128
  C:566EH         SYMBOL        L?0129
  C:567BH         SYMBOL        L?0130
  C:5690H         SYMBOL        L?0134
  C:5690H         SYMBOL        L?0135
  C:5698H         SYMBOL        L?0136
  C:5698H         SYMBOL        L?0137
  C:56A1H         SYMBOL        L?0138
  C:56AFH         SYMBOL        L?0139
  C:56BDH         SYMBOL        L?0140
  -------         PROC          COM006B
  -------         ENDPROC       COM006B
  C:4F3CH         SYMBOL        L?0122
  -------         PROC          TEST_BZ
  -------         DO            
  X:00F9H         SYMBOL        n
BL51 BANKED LINKER/LOCATER V6.22.2.0                                                  03/24/2020  10:48:53  PAGE 22


  -------         ENDDO         
  C:4E47H         LINE#         26
  C:4E47H         LINE#         27
  C:4E47H         LINE#         28
  C:4E4FH         LINE#         29
  C:4E52H         LINE#         30
  C:4E52H         LINE#         31
  C:4E52H         LINE#         32
  C:4E88H         LINE#         33
  C:4EB0H         LINE#         34
  C:4EDBH         LINE#         35
  C:4F03H         LINE#         36
  C:4F2FH         LINE#         37
  C:4F39H         LINE#         38
  C:4F3CH         LINE#         39
  -------         ENDPROC       TEST_BZ
  C:4A9FH         SYMBOL        L?0119
  -------         PROC          TEST_BUTTONS
  -------         DO            
  X:00E6H         SYMBOL        i
  X:00E8H         SYMBOL        j
  -------         ENDDO         
  C:496FH         LINE#         40
  C:496FH         LINE#         41
  C:496FH         LINE#         43
  C:4972H         LINE#         45
  C:4977H         LINE#         46
  C:498AH         LINE#         47
  C:498AH         LINE#         48
  C:498AH         LINE#         49
  C:498FH         LINE#         50
  C:4994H         LINE#         51
  C:49A0H         LINE#         52
  C:49A0H         LINE#         53
  C:49A0H         LINE#         54
  C:49A5H         LINE#         56
  C:49A5H         LINE#         57
  C:49A5H         LINE#         61
  C:49A8H         LINE#         62
  C:49AFH         LINE#         63
  C:49AFH         LINE#         64
  C:49F5H         LINE#         65
  C:4A0CH         LINE#         66
  C:4A38H         LINE#         67
  C:4A3DH         LINE#         68
  C:4A54H         LINE#         69
  C:4A54H         LINE#         70
  C:4A56H         LINE#         71
  C:4A58H         LINE#         72
  C:4A65H         LINE#         73
  C:4A72H         LINE#         74
  C:4A77H         LINE#         75
  C:4A77H         LINE#         76
  C:4A81H         LINE#         77
  C:4A99H         LINE#         78
  C:4A9CH         LINE#         79
  C:4A9FH         LINE#         80
BL51 BANKED LINKER/LOCATER V6.22.2.0                                                  03/24/2020  10:48:53  PAGE 23


  -------         ENDPROC       TEST_BUTTONS
  C:5447H         SYMBOL        L?0133
  -------         PROC          TEST_DISPLAY_TEMPS
  -------         DO            
  X:00FBH         SYMBOL        i
  -------         ENDDO         
  C:538EH         LINE#         82
  C:538EH         LINE#         83
  C:538EH         LINE#         84
  C:5395H         LINE#         85
  C:5398H         LINE#         86
  C:5398H         LINE#         87
  C:5398H         LINE#         88
  C:539BH         LINE#         89
  C:539EH         LINE#         90
  C:53A1H         LINE#         92
  C:53A4H         LINE#         94
  C:53A9H         LINE#         106
  C:53B2H         LINE#         107
  C:53BCH         LINE#         108
  C:53C1H         LINE#         109
  C:53CAH         LINE#         110
  C:53D4H         LINE#         111
  C:53DFH         LINE#         112
  C:53F4H         LINE#         114
  C:53F9H         LINE#         115
  C:540CH         LINE#         116
  C:5419H         LINE#         117
  C:5421H         LINE#         118
  C:5426H         LINE#         119
  C:542FH         LINE#         120
  C:5435H         LINE#         121
  C:543AH         LINE#         122
  C:5444H         LINE#         132
  C:5447H         LINE#         134
  -------         ENDPROC       TEST_DISPLAY_TEMPS
  -------         PROC          TEST_LCD12864_DISPLAYPM1
  -------         DO            
  X:00EAH         SYMBOL        i
  X:00ECH         SYMBOL        j
  -------         ENDDO         
  C:5855H         LINE#         135
  C:5855H         LINE#         136
  C:5855H         LINE#         138
  C:585AH         LINE#         139
  C:5861H         LINE#         140
  C:5861H         LINE#         141
  C:5866H         LINE#         142
  C:587DH         LINE#         143
  C:587DH         LINE#         144
  C:589CH         LINE#         145
  C:589CH         LINE#         146
  C:589EH         LINE#         147
  C:58A5H         LINE#         148
  C:58ACH         LINE#         149
  C:58B3H         LINE#         150
  C:58B3H         LINE#         151
BL51 BANKED LINKER/LOCATER V6.22.2.0                                                  03/24/2020  10:48:53  PAGE 24


  C:58BBH         LINE#         152
  C:58D0H         LINE#         153
  -------         ENDPROC       TEST_LCD12864_DISPLAYPM1
  -------         PROC          TEST_LCD12864_DISPLAYPM0
  C:5DF7H         LINE#         154
  C:5DF7H         LINE#         155
  C:5DF7H         LINE#         157
  C:5DFAH         LINE#         159
  C:5DFAH         LINE#         160
  C:5DFAH         LINE#         162
  C:5DFDH         LINE#         163
  C:5E00H         LINE#         164
  C:5E18H         LINE#         165
  C:5E1DH         LINE#         166
  C:5E20H         LINE#         167
  C:5E28H         LINE#         168
  C:5E2BH         LINE#         169
  C:5E2EH         LINE#         170
  C:5E31H         LINE#         171
  -------         ENDPROC       TEST_LCD12864_DISPLAYPM0
  C:4BB6H         SYMBOL        L?0112
  C:4BC1H         SYMBOL        L?0114
  C:4BCBH         SYMBOL        L?0118
  C:4BD6H         SYMBOL        L?0120
  C:4BE0H         SYMBOL        L?0123
  C:4BEBH         SYMBOL        L?0131
  C:4BFBH         SYMBOL        L?0132
  -------         PROC          TEST_DS1302
  -------         DO            
  X:0103H         SYMBOL        i
  -------         ENDDO         
  C:4ABAH         LINE#         174
  C:4ABAH         LINE#         175
  C:4ABAH         LINE#         177
  C:4ABDH         LINE#         179
  C:4AC2H         LINE#         180
  C:4ADAH         LINE#         181
  C:4ADFH         LINE#         182
  C:4AF2H         LINE#         184
  C:4B25H         LINE#         189
  C:4B25H         LINE#         190
  C:4B25H         LINE#         191
  C:4B28H         LINE#         193
  C:4B2DH         LINE#         194
  C:4B39H         LINE#         195
  C:4B3EH         LINE#         196
  C:4B4AH         LINE#         197
  C:4B4FH         LINE#         198
  C:4B5BH         LINE#         199
  C:4B60H         LINE#         200
  C:4B6CH         LINE#         201
  C:4B71H         LINE#         202
  C:4B7DH         LINE#         203
  C:4B82H         LINE#         204
  C:4B8EH         LINE#         205
  C:4B9DH         LINE#         206
  C:4BB3H         LINE#         209
BL51 BANKED LINKER/LOCATER V6.22.2.0                                                  03/24/2020  10:48:53  PAGE 25


  C:4BB6H         LINE#         211
  -------         ENDPROC       TEST_DS1302
  C:4771H         SYMBOL        L?0104
  C:4783H         SYMBOL        L?0105
  C:4795H         SYMBOL        L?0106
  C:47A7H         SYMBOL        L?0111
  C:47B5H         SYMBOL        L?0113
  C:47C3H         SYMBOL        L?0121
  C:47CFH         SYMBOL        L?0127
  C:47DBH         SYMBOL        L?0141
  -------         PROC          TEST_DHT
  -------         DO            
  X:00FDH         SYMBOL        k
  X:00FEH         SYMBOL        i
  -------         ENDDO         
  C:4602H         LINE#         213
  C:4602H         LINE#         214
  C:4602H         LINE#         215
  C:4607H         LINE#         217
  C:460AH         LINE#         218
  C:460DH         LINE#         219
  C:460DH         LINE#         220
  C:460DH         LINE#         221
  C:4610H         LINE#         222
  C:4613H         LINE#         223
  C:4616H         LINE#         225
  C:4619H         LINE#         226
  C:461EH         LINE#         227
  C:4629H         LINE#         228
  C:462FH         LINE#         229
  C:4635H         LINE#         230
  C:463BH         LINE#         231
  C:4640H         LINE#         232
  C:464BH         LINE#         233
  C:4651H         LINE#         235
  C:4654H         LINE#         236
  C:4659H         LINE#         237
  C:465FH         LINE#         238
  C:4665H         LINE#         239
  C:466BH         LINE#         240
  C:4670H         LINE#         241
  C:4686H         LINE#         242
  C:468CH         LINE#         243
  C:4692H         LINE#         244
  C:4697H         LINE#         245
  C:469DH         LINE#         246
  C:46A3H         LINE#         247
  C:46ADH         LINE#         248
  C:46B2H         LINE#         249
  C:46C9H         LINE#         250
  C:46CFH         LINE#         251
  C:46D9H         LINE#         256
  C:46DEH         LINE#         257
  C:46E4H         LINE#         258
  C:46EDH         LINE#         259
  C:46F7H         LINE#         260
  C:46FCH         LINE#         261
BL51 BANKED LINKER/LOCATER V6.22.2.0                                                  03/24/2020  10:48:53  PAGE 26


  C:4732H         LINE#         262
  C:4737H         LINE#         263
  C:4766H         LINE#         264
  C:476BH         LINE#         265
  C:476EH         LINE#         266
  C:4771H         LINE#         267
  -------         ENDPROC       TEST_DHT
  -------         ENDMOD        TEST

  -------         MODULE        BMP
  C:0000H         SYMBOL        _ICE_DUMMY_
  C:3B04H         PUBLIC        zhu
  -------         ENDMOD        BMP

  -------         MODULE        DELAY
  C:0000H         SYMBOL        _ICE_DUMMY_
  D:0080H         PUBLIC        P0
  D:0090H         PUBLIC        P1
  D:00A0H         PUBLIC        P2
  D:00B0H         PUBLIC        P3
  D:00E8H         PUBLIC        P4
  D:00A8H         PUBLIC        IE
  C:622FH         PUBLIC        d_10us
  D:00B8H         PUBLIC        IP
  D:0098H         PUBLIC        SCON
  D:0088H         PUBLIC        TCON
  C:6095H         PUBLIC        d_100ms
  C:60F7H         PUBLIC        d_100us
  C:610DH         PUBLIC        d_1ms
  D:00C8H         PUBLIC        T2CON
  C:60B6H         PUBLIC        d_1s
  C:5D76H         PUBLIC        _d_n_ms
  D:00D0H         PUBLIC        PSW
  C:6244H         SYMBOL        Com0031
  C:6244H         SYMBOL        L?0050
  C:6244H         SYMBOL        L?0051
  C:6245H         SYMBOL        L?0052
  -------         PROC          COM0031
  -------         ENDPROC       COM0031
  -------         PROC          D_10US
  -------         DO            
  D:0007H         SYMBOL        a
  -------         ENDDO         
  C:622FH         LINE#         3
  C:622FH         LINE#         4
  C:622FH         LINE#         6
  C:6239H         LINE#         7
  -------         ENDPROC       D_10US
  -------         PROC          D_100US
  -------         DO            
  D:0006H         SYMBOL        a
  D:0007H         SYMBOL        b
  -------         ENDDO         
  C:60F7H         LINE#         8
  C:60F7H         LINE#         9
  C:60F7H         LINE#         11
  C:60FEH         LINE#         12
BL51 BANKED LINKER/LOCATER V6.22.2.0                                                  03/24/2020  10:48:53  PAGE 27


  C:610CH         LINE#         13
  -------         ENDPROC       D_100US
  -------         PROC          D_100MS
  -------         DO            
  D:0005H         SYMBOL        a
  D:0006H         SYMBOL        b
  D:0007H         SYMBOL        c
  -------         ENDDO         
  C:6095H         LINE#         14
  C:6095H         LINE#         15
  C:6095H         LINE#         17
  C:609CH         LINE#         18
  C:60A4H         LINE#         19
  C:60B5H         LINE#         20
  -------         ENDPROC       D_100MS
  -------         PROC          D_1S
  -------         DO            
  D:0005H         SYMBOL        a
  D:0006H         SYMBOL        b
  D:0007H         SYMBOL        c
  -------         ENDDO         
  C:60B6H         LINE#         21
  C:60B6H         LINE#         22
  C:60B6H         LINE#         24
  C:60BDH         LINE#         25
  C:60C5H         LINE#         26
  C:60D6H         LINE#         27
  -------         ENDPROC       D_1S
  -------         PROC          D_1MS
  -------         DO            
  D:0006H         SYMBOL        a
  D:0007H         SYMBOL        b
  -------         ENDDO         
  C:610DH         LINE#         29
  C:610DH         LINE#         30
  C:610DH         LINE#         32
  C:6114H         LINE#         33
  C:6122H         LINE#         34
  -------         ENDPROC       D_1MS
  -------         PROC          _D_N_MS
  D:0004H         SYMBOL        n
  -------         DO            
  D:0010H         SYMBOL        z
  D:0012H         SYMBOL        x
  -------         ENDDO         
  C:5D76H         LINE#         36
  C:5D7AH         LINE#         37
  C:5D7AH         LINE#         39
  C:5D84H         LINE#         40
  C:5D84H         LINE#         41
  C:5D90H         LINE#         42
  C:5DA2H         LINE#         43
  C:5DAFH         LINE#         44
  C:5DB6H         LINE#         45
  C:5DB8H         LINE#         47
  -------         ENDPROC       _D_N_MS
  -------         ENDMOD        DELAY
BL51 BANKED LINKER/LOCATER V6.22.2.0                                                  03/24/2020  10:48:53  PAGE 28



  -------         MODULE        BUTTON
  C:0000H         SYMBOL        _ICE_DUMMY_
  D:0022H         PUBLIC        Curstatus_key
  D:0080H         PUBLIC        P0
  D:0090H         PUBLIC        P1
  D:00A0H         PUBLIC        P2
  X:00D3H         PUBLIC        OptionCode_Max
  D:00B0H         PUBLIC        P3
  D:00E8H         PUBLIC        P4
  B:0020H.0       PUBLIC        Refill_sign_0
  B:0020H.1       PUBLIC        Refill_sign_1
  B:0020H.2       PUBLIC        Refill_sign_2
  B:0020H.3       PUBLIC        Refill_sign_3
  B:0020H.4       PUBLIC        Refill_sign_4
  B:0020H.5       PUBLIC        Refill_sign_5
  B:0020H.6       PUBLIC        Refill_sign_6
  B:0020H.7       PUBLIC        Refill_sign_7
  D:00A8H         PUBLIC        IE
  D:00B8H         PUBLIC        IP
  B:00B0H.1       PUBLIC        KEY0
  B:00B0H.0       PUBLIC        KEY1
  B:00B0H.2       PUBLIC        KEY2
  B:00B0H.3       PUBLIC        KEY3
  D:0026H         PUBLIC        Double_Idle_counter
  D:0098H         PUBLIC        SCON
  D:002EH         PUBLIC        Double_Press_counter
  D:0088H         PUBLIC        TCON
  C:366AH         PUBLIC        control_Section
  D:0036H         PUBLIC        Instruction_code_key
  C:5048H         PUBLIC        recognition_key
  X:00D6H         PUBLIC        Change_sign
  D:00C8H         PUBLIC        T2CON
  D:003AH         PUBLIC        Command_key
  D:0020H         PUBLIC        Refill_sign
  D:003EH         PUBLIC        Prestate_key
  X:00D7H         PUBLIC        OptionCode
  D:00D0H         PUBLIC        PSW
  C:5F19H         SYMBOL        Com00C1
  C:5F19H         SYMBOL        L?0194
  C:5F19H         SYMBOL        L?0195
  C:5F22H         SYMBOL        L?0196
  C:5F23H         SYMBOL        L?0197
  C:5F24H         SYMBOL        L?0198
  C:5F2BH         SYMBOL        L?0200
  C:5F37H         SYMBOL        L?0201
  C:5F42H         SYMBOL        L?0202
  -------         PROC          COM00C1
  -------         ENDPROC       COM00C1
  C:3AE9H         SYMBOL        L?0199
  C:3AFAH         SYMBOL        L?0203
  -------         PROC          CONTROL_SECTION
  C:366AH         LINE#         47
  C:366AH         LINE#         48
  C:366AH         LINE#         49
  C:368AH         LINE#         50
  C:368AH         LINE#         51
BL51 BANKED LINKER/LOCATER V6.22.2.0                                                  03/24/2020  10:48:53  PAGE 29


  C:368AH         LINE#         52
  C:3695H         LINE#         53
  C:36B5H         LINE#         54
  C:36DAH         LINE#         56
  C:36DBH         LINE#         57
  C:36DBH         LINE#         58
  C:36F1H         LINE#         59
  C:371BH         LINE#         60
  C:3743H         LINE#         61
  C:3773H         LINE#         62
  C:3774H         LINE#         63
  C:3774H         LINE#         64
  C:3774H         LINE#         65
  C:3774H         LINE#         66
  C:37A0H         LINE#         67
  C:37CAH         LINE#         68
  C:37E5H         LINE#         69
  C:37E5H         LINE#         70
  C:37F0H         LINE#         71
  C:37F0H         LINE#         72
  C:3809H         LINE#         73
  C:3809H         LINE#         74
  C:381FH         LINE#         75
  C:3833H         LINE#         76
  C:3845H         LINE#         77
  C:385BH         LINE#         78
  C:3871H         LINE#         79
  C:3888H         LINE#         80
  C:3888H         LINE#         81
  C:388DH         LINE#         82
  C:388DH         LINE#         83
  C:38A8H         LINE#         84
  C:38A8H         LINE#         85
  C:38B3H         LINE#         86
  C:38B3H         LINE#         87
  C:38C9H         LINE#         88
  C:38C9H         LINE#         89
  C:38DBH         LINE#         90
  C:38EDH         LINE#         91
  C:38FEH         LINE#         92
  C:3910H         LINE#         93
  C:391FH         LINE#         94
  C:3932H         LINE#         95
  C:3932H         LINE#         96
  C:3937H         LINE#         97
  C:3937H         LINE#         99
  C:3937H         LINE#         100
  C:3937H         LINE#         101
  C:3937H         LINE#         102
  C:3937H         LINE#         103
  C:3950H         LINE#         104
  C:3969H         LINE#         105
  C:396AH         LINE#         106
  C:396AH         LINE#         107
  C:396AH         LINE#         108
  C:396AH         LINE#         109
  C:3986H         LINE#         110
BL51 BANKED LINKER/LOCATER V6.22.2.0                                                  03/24/2020  10:48:53  PAGE 30


  C:39B0H         LINE#         111
  C:39CBH         LINE#         112
  C:39CBH         LINE#         113
  C:39DFH         LINE#         114
  C:39DFH         LINE#         115
  C:39F1H         LINE#         116
  C:3A07H         LINE#         117
  C:3A18H         LINE#         118
  C:3A2EH         LINE#         119
  C:3A4FH         LINE#         120
  C:3A4FH         LINE#         121
  C:3A4FH         LINE#         122
  C:3A6AH         LINE#         123
  C:3A7EH         LINE#         124
  C:3A7EH         LINE#         125
  C:3A8DH         LINE#         126
  C:3AA0H         LINE#         127
  C:3AB1H         LINE#         128
  C:3AC7H         LINE#         129
  C:3AE8H         LINE#         130
  C:3AE8H         LINE#         131
  C:3AE8H         LINE#         132
  C:3AE8H         LINE#         133
  C:3AE8H         LINE#         134
  -------         ENDPROC       CONTROL_SECTION
  -------         PROC          RECOGNITION_KEY
  -------         DO            
  D:0007H         SYMBOL        i
  -------         ENDDO         
  C:5048H         LINE#         135
  C:5048H         LINE#         136
  C:5048H         LINE#         139
  C:505AH         LINE#         140
  C:505AH         LINE#         141
  C:50A5H         LINE#         142
  C:50ACH         LINE#         143
  C:50ACH         LINE#         144
  C:50AFH         LINE#         145
  C:50B7H         LINE#         149
  C:50BDH         LINE#         150
  C:50C0H         LINE#         151
  C:50C0H         LINE#         152
  C:50C2H         LINE#         154
  C:50C2H         LINE#         155
  C:50C9H         LINE#         156
  C:50DDH         LINE#         157
  C:50ECH         LINE#         159
  C:5107H         LINE#         160
  C:5114H         LINE#         161
  C:5117H         LINE#         162
  C:511AH         LINE#         163
  C:511AH         LINE#         164
  C:511AH         LINE#         165
  C:511FH         LINE#         166
  C:5123H         LINE#         167
  -------         ENDPROC       RECOGNITION_KEY
  -------         ENDMOD        BUTTON
BL51 BANKED LINKER/LOCATER V6.22.2.0                                                  03/24/2020  10:48:53  PAGE 31



  -------         MODULE        DHT11
  C:0000H         SYMBOL        _ICE_DUMMY_
  D:0080H         PUBLIC        P0
  D:0090H         PUBLIC        P1
  D:00A0H         PUBLIC        P2
  D:00B0H         PUBLIC        P3
  D:00E8H         PUBLIC        P4
  D:00A8H         PUBLIC        IE
  D:00B8H         PUBLIC        IP
  D:0015H         PUBLIC        Dht_FLAG
  D:0016H         PUBLIC        Dht_count
  X:00DAH         PUBLIC        Dht_error
  D:0098H         PUBLIC        SCON
  D:0088H         PUBLIC        TCON
  X:00DBH         PUBLIC        Dht_RhData
  C:5750H         PUBLIC        dht_rdat
  C:58D1H         PUBLIC        _dht_byte
  B:00A0H.3       PUBLIC        DHT_IO
  D:00C8H         PUBLIC        T2CON
  D:00D0H         PUBLIC        PSW
  C:624DH         SYMBOL        Com001C
  C:624DH         SYMBOL        L?0029
  C:624DH         SYMBOL        L?0030
  -------         PROC          COM001C
  -------         ENDPROC       COM001C
  -------         PROC          _DHT_BYTE
  D:0007H         SYMBOL        n
  -------         DO            
  D:0010H         SYMBOL        i
  -------         ENDDO         
  C:58D1H         LINE#         14
  C:58D1H         LINE#         15
  C:58D1H         LINE#         18
  C:58DFH         LINE#         19
  C:58DFH         LINE#         20
  C:58ECH         LINE#         21
  C:58F7H         LINE#         23
  C:5904H         LINE#         25
  C:5926H         LINE#         26
  C:592DH         LINE#         27
  C:5943H         LINE#         28
  C:5948H         LINE#         29
  -------         ENDPROC       _DHT_BYTE
  -------         PROC          DHT_RDAT
  -------         DO            
  D:000FH         SYMBOL        i
  -------         ENDDO         
  C:5750H         LINE#         30
  C:5750H         LINE#         31
  C:5750H         LINE#         33
  C:5752H         LINE#         34
  C:5759H         LINE#         35
  C:575BH         LINE#         37
  C:5768H         LINE#         38
  C:5774H         LINE#         40
  C:5781H         LINE#         41
BL51 BANKED LINKER/LOCATER V6.22.2.0                                                  03/24/2020  10:48:53  PAGE 32


  C:578EH         LINE#         43
  C:579BH         LINE#         44
  C:57A8H         LINE#         45
  C:57B6H         LINE#         46
  C:57B6H         LINE#         48
  C:57BBH         LINE#         49
  C:57C9H         LINE#         50
  C:57CDH         LINE#         51
  C:57D2H         LINE#         53
  -------         ENDPROC       DHT_RDAT
  -------         ENDMOD        DHT11

  -------         MODULE        DS1302
  C:0000H         SYMBOL        _ICE_DUMMY_
  B:00A0H.0       PUBLIC        DS_CE
  D:0080H         PUBLIC        P0
  D:0090H         PUBLIC        P1
  D:00A0H         PUBLIC        P2
  D:00B0H         PUBLIC        P3
  D:00E8H         PUBLIC        P4
  X:008DH         PUBLIC        ds_dat_time
  B:00A8H.7       PUBLIC        EA
  D:00A8H         PUBLIC        IE
  C:5A99H         PUBLIC        _Ds1302_time_Copy
  B:00A0H.1       PUBLIC        DS_IO
  C:6256H         PUBLIC        Ds1302_init
  D:00B8H         PUBLIC        IP
  X:0094H         PUBLIC        ds_dat_time_set16
  C:606CH         PUBLIC        Ds1302_Set_time
  B:00A0H.2       PUBLIC        DS_SCLK
  X:009BH         PUBLIC        ds_dat_time_set
  D:0098H         PUBLIC        SCON
  D:0088H         PUBLIC        TCON
  C:6201H         PUBLIC        WRITE_RTC_ADDR
  C:61FAH         PUBLIC        READ_RTC_ADDR
  D:00C8H         PUBLIC        T2CON
  C:5C4AH         PUBLIC        _Ds1302_rByte
  C:5E6FH         PUBLIC        _Ds1302_wByte
  C:60D7H         PUBLIC        Ds1302_Read_time
  D:00D0H         PUBLIC        PSW
  C:5F81H         SYMBOL        Com001F
  C:5F81H         SYMBOL        L?0032
  C:5F81H         SYMBOL        L?0033
  C:5F84H         SYMBOL        L?0034
  C:5F8CH         SYMBOL        L?0035
  C:5F8DH         SYMBOL        L?0036
  C:5F95H         SYMBOL        L?0037
  C:5F96H         SYMBOL        L?0038
  C:5F9EH         SYMBOL        L?0039
  C:5FA9H         SYMBOL        L?0040
  -------         PROC          COM001F
  -------         ENDPROC       COM001F
  -------         PROC          _DS1302_WBYTE
  D:0007H         SYMBOL        addr
  D:0005H         SYMBOL        dat
  -------         DO            
  D:0006H         SYMBOL        n
BL51 BANKED LINKER/LOCATER V6.22.2.0                                                  03/24/2020  10:48:53  PAGE 33


  -------         ENDDO         
  C:5E6FH         LINE#         11
  C:5E6FH         LINE#         12
  C:5E6FH         LINE#         14
  C:5E71H         LINE#         15
  C:5E74H         LINE#         16
  C:5E77H         LINE#         17
  C:5E7AH         LINE#         18
  C:5E81H         LINE#         19
  C:5E81H         LINE#         20
  C:5E81H         LINE#         21
  C:5E81H         LINE#         22
  C:5E85H         LINE#         23
  C:5E88H         LINE#         24
  C:5E8BH         LINE#         25
  C:5E92H         LINE#         26
  C:5E92H         LINE#         27
  C:5E96H         LINE#         28
  C:5E9AH         LINE#         29
  C:5E9DH         LINE#         30
  C:5EA0H         LINE#         31
  C:5EA3H         LINE#         33
  C:5EA6H         LINE#         34
  C:5EA8H         LINE#         36
  -------         ENDPROC       _DS1302_WBYTE
  -------         PROC          _DS1302_RBYTE
  D:0007H         SYMBOL        addr
  -------         DO            
  D:0005H         SYMBOL        n
  D:0006H         SYMBOL        dat
  -------         ENDDO         
  C:5C4AH         LINE#         38
  C:5C4AH         LINE#         39
  C:5C4AH         LINE#         41
  C:5C4CH         LINE#         42
  C:5C4FH         LINE#         43
  C:5C52H         LINE#         44
  C:5C55H         LINE#         45
  C:5C5DH         LINE#         46
  C:5C5DH         LINE#         47
  C:5C5DH         LINE#         48
  C:5C5DH         LINE#         49
[...]
  C:6132H         LINE#         81
  -------         ENDPROC       DS18B20_CHANGTEMP
  -------         PROC          DS18B20_RTEMPCOM
  C:6137H         LINE#         86
  C:6137H         LINE#         87
  C:6137H         LINE#         89
  C:613AH         LINE#         90
  C:6141H         LINE#         91
  C:6146H         LINE#         92
  -------         ENDPROC       DS18B20_RTEMPCOM
  -------         PROC          DS18B20_RTEMP
  C:614BH         LINE#         101
  C:614BH         LINE#         102
  C:614BH         LINE#         105
  C:614EH         LINE#         106
  C:6156H         LINE#         107
  C:615EH         LINE#         108
  -------         ENDPROC       DS18B20_RTEMP
  -------         PROC          TEMP_DATA_COLLATION
  C:56C8H         LINE#         110
  C:56C8H         LINE#         111
  C:56C8H         LINE#         112
  C:56D1H         LINE#         113
  C:56DAH         LINE#         114
  C:5700H         LINE#         115
  C:5706H         LINE#         116
BL51 BANKED LINKER/LOCATER V6.22.2.0                                                  03/24/2020  10:48:53  PAGE 45


  C:5708H         LINE#         118
  C:5708H         LINE#         119
  C:5712H         LINE#         120
  C:5725H         LINE#         121
  C:572AH         LINE#         122
  C:572AH         LINE#         123
  C:5746H         LINE#         124
  C:574FH         LINE#         125
  -------         ENDPROC       TEMP_DATA_COLLATION
  -------         ENDMOD        TEMPS

  -------         MODULE        CALENDAR
  C:0000H         SYMBOL        _ICE_DUMMY_
  B:0021H.4       PUBLIC        moon_c
  C:5B52H         PUBLIC        Conver_week
  D:0080H         PUBLIC        P0
  D:0090H         PUBLIC        P1
  D:00A0H         PUBLIC        P2
  D:00B0H         PUBLIC        P3
  D:00E8H         PUBLIC        P4
  D:00A8H         PUBLIC        IE
  X:0101H         PUBLIC        century
  D:00B8H         PUBLIC        IP
  C:4194H         PUBLIC        table_week
  C:5949H         PUBLIC        _CalculateWeek
  C:41A0H         PUBLIC        Conversion
  D:0008H         PUBLIC        week
  C:3F30H         PUBLIC        year_code
  D:0098H         PUBLIC        SCON
  D:0088H         PUBLIC        TCON
  D:0009H         PUBLIC        cale_moon_month
  D:000AH         PUBLIC        moon_month
  D:000BH         PUBLIC        cale_moon_year
  D:000CH         PUBLIC        moon_year
  D:000DH         PUBLIC        cale_moon_day
  D:000EH         PUBLIC        moon_day
  C:615FH         PUBLIC        cale_data_transfer
  X:0102H         PUBLIC        sun_week
  D:00C8H         PUBLIC        T2CON
  C:3F04H         PUBLIC        NLyear_dat
  C:4185H         PUBLIC        day_code1
  C:418EH         PUBLIC        day_code2
  C:5CE6H         PUBLIC        _Calculate_Totaldays_Ofmonth
  C:52C5H         PUBLIC        _get_cale_moon_day
  D:00D0H         PUBLIC        PSW
  C:59C0H         SYMBOL        Com0071
  C:59C0H         SYMBOL        L?0114
  C:59C0H         SYMBOL        L?0115
  C:59CDH         SYMBOL        L?0116
  C:59D4H         SYMBOL        L?0117
  C:59D6H         SYMBOL        L?0118
  C:59DEH         SYMBOL        L?0119
  C:59DEH         SYMBOL        L?0120
  C:59E1H         SYMBOL        L?0121
  C:59EBH         SYMBOL        L?0122
  C:59ECH         SYMBOL        L?0123
  C:59FEH         SYMBOL        L?0124
BL51 BANKED LINKER/LOCATER V6.22.2.0                                                  03/24/2020  10:48:53  PAGE 46


  C:5A03H         SYMBOL        L?0125
  C:5A0CH         SYMBOL        L?0126
  C:5A13H         SYMBOL        L?0127
  C:5A1AH         SYMBOL        L?0128
  C:5A1AH         SYMBOL        L?0129
  C:5A26H         SYMBOL        L?0130
  C:5A26H         SYMBOL        L?0131
  -------         PROC          COM0071
  -------         ENDPROC       COM0071
  -------         PROC          _GET_CALE_MOON_DAY
  D:0007H         SYMBOL        month_p
  D:0004H         SYMBOL        table_addr
  -------         DO            
  D:0006H         SYMBOL        temp
  -------         ENDDO         
  C:52C5H         LINE#         233
  C:52C5H         LINE#         234
  C:52C5H         LINE#         236
  C:52F4H         LINE#         237
  C:52F4H         LINE#         238
  C:52F9H         LINE#         239
  C:52FFH         LINE#         240
  C:5304H         LINE#         241
  C:530AH         LINE#         242
  C:530FH         LINE#         243
  C:5315H         LINE#         244
  C:531AH         LINE#         245
  C:5320H         LINE#         246
  C:5325H         LINE#         247
  C:532BH         LINE#         248
  C:5330H         LINE#         249
  C:5336H         LINE#         250
  C:533BH         LINE#         251
  C:5341H         LINE#         252
  C:5346H         LINE#         253
  C:534CH         LINE#         254
  C:5351H         LINE#         255
  C:5357H         LINE#         256
  C:535CH         LINE#         257
  C:5362H         LINE#         258
  C:5367H         LINE#         259
  C:536DH         LINE#         260
  C:5372H         LINE#         261
  C:5378H         LINE#         262
  C:5386H         LINE#         263
  C:538CH         LINE#         264
  C:538CH         LINE#         265
  C:538DH         LINE#         266
  -------         ENDPROC       _GET_CALE_MOON_DAY
  -------         PROC          CONVERSION
  B:0021H.0       SYMBOL        c
  X:00CAH         SYMBOL        year
  X:00CBH         SYMBOL        month
  X:00CCH         SYMBOL        day
  -------         DO            
  D:0003H         SYMBOL        temp1
  D:0002H         SYMBOL        temp2
BL51 BANKED LINKER/LOCATER V6.22.2.0                                                  03/24/2020  10:48:53  PAGE 47


  X:00CDH         SYMBOL        temp3
  X:00CEH         SYMBOL        month_p
  X:00CFH         SYMBOL        temp4
  X:00D1H         SYMBOL        table_addr
  B:0021H.1       SYMBOL        flag2
  B:0021H.2       SYMBOL        flag_y
  -------         ENDDO         
  C:41A0H         LINE#         275
  C:41A0H         LINE#         276
  C:41A0H         LINE#         281
  C:41A6H         LINE#         282
  C:41A9H         LINE#         283
  C:41B2H         LINE#         285
  C:41B9H         LINE#         286
  C:41B9H         LINE#         287
  C:41BEH         LINE#         288
  C:41C0H         LINE#         290
  C:41C0H         LINE#         291
  C:41D6H         LINE#         292
  C:41D6H         LINE#         295
  C:41ECH         LINE#         296
  C:41F6H         LINE#         299
  C:41FAH         LINE#         302
  C:41FFH         LINE#         303
  C:41FFH         LINE#         304
  C:4201H         LINE#         305
  C:4203H         LINE#         307
  C:4203H         LINE#         308
  C:420AH         LINE#         309
  C:420AH         LINE#         317
  C:4218H         LINE#         318
  C:4218H         LINE#         319
  C:4228H         LINE#         320
  C:422AH         LINE#         322
  C:422AH         LINE#         323
  C:4259H         LINE#         324
  C:4259H         LINE#         325
  C:426EH         LINE#         326
  C:426EH         LINE#         327
  C:4277H         LINE#         328
  C:4277H         LINE#         331
  C:4283H         LINE#         332
  C:4283H         LINE#         333
  C:428DH         LINE#         334
  C:4293H         LINE#         335
  C:4297H         LINE#         336
  C:42A1H         LINE#         338
  C:42A3H         LINE#         339
  C:42AAH         LINE#         340
  C:42ACH         LINE#         341
  C:42C1H         LINE#         342
  C:42CBH         LINE#         343
  C:42D1H         LINE#         344
  C:42D1H         LINE#         345
  C:42D9H         LINE#         346
  C:42DFH         LINE#         347
  C:42E6H         LINE#         348
BL51 BANKED LINKER/LOCATER V6.22.2.0                                                  03/24/2020  10:48:53  PAGE 48


  C:42E6H         LINE#         349
  C:42E8H         LINE#         350
  C:42EBH         LINE#         351
  C:42EDH         LINE#         352
  C:42EFH         LINE#         353
  C:42F5H         LINE#         354
  C:42FDH         LINE#         355
  C:4304H         LINE#         356
  C:4306H         LINE#         357
  C:4308H         LINE#         358
  C:430DH         LINE#         359
  C:4310H         LINE#         361
  C:4310H         LINE#         362
  C:4322H         LINE#         363
  C:4328H         LINE#         364
  C:4328H         LINE#         365
  C:432DH         LINE#         366
  C:432FH         LINE#         367
  C:4335H         LINE#         368
  C:4340H         LINE#         369
  C:4346H         LINE#         370
  C:4351H         LINE#         371
  C:435BH         LINE#         372
  C:4360H         LINE#         373
  C:4365H         LINE#         375
  C:4368H         LINE#         377
  C:436AH         LINE#         378
  C:4374H         LINE#         379
  C:437BH         LINE#         380
  C:437DH         LINE#         381
  C:4386H         LINE#         382
  C:4386H         LINE#         383
  C:4389H         LINE#         384
  C:438DH         LINE#         385
  C:4396H         LINE#         386
  C:439FH         LINE#         387
  C:43A7H         LINE#         388
  C:43AEH         LINE#         389
  C:43B0H         LINE#         390
  C:43B2H         LINE#         391
  C:43BFH         LINE#         392
  C:43BFH         LINE#         393
  C:43C3H         LINE#         394
  C:43C6H         LINE#         395
  C:43CEH         LINE#         396
  C:43CEH         LINE#         397
  C:43D3H         LINE#         398
  C:43D6H         LINE#         399
  C:43DEH         LINE#         400
  C:43DEH         LINE#         401
  C:43E3H         LINE#         402
  C:43E6H         LINE#         403
  C:43EEH         LINE#         404
  C:43EEH         LINE#         405
  C:43F3H         LINE#         406
  -------         ENDPROC       CONVERSION
  -------         PROC          CALE_DATA_TRANSFER
BL51 BANKED LINKER/LOCATER V6.22.2.0                                                  03/24/2020  10:48:53  PAGE 49


  C:615FH         LINE#         408
  C:615FH         LINE#         409
  C:615FH         LINE#         411
  C:6162H         LINE#         412
  C:6165H         LINE#         413
  C:6172H         LINE#         414
  -------         ENDPROC       CALE_DATA_TRANSFER
  -------         PROC          CONVER_WEEK
  B:0021H.3       SYMBOL        c
  X:00F6H         SYMBOL        year
  X:00F7H         SYMBOL        month
  X:00F8H         SYMBOL        day
  -------         DO            
  D:0004H         SYMBOL        temp1
  D:0005H         SYMBOL        temp2
  -------         ENDDO         
  C:5B52H         LINE#         428
  C:5B52H         LINE#         429
  C:5B52H         LINE#         431
  C:5B55H         LINE#         432
  C:5B55H         LINE#         433
  C:5B58H         LINE#         434
  C:5B58H         LINE#         435
  C:5B58H         LINE#         436
  C:5B5BH         LINE#         437
  C:5B5BH         LINE#         438
  C:5B5BH         LINE#         439
  C:5B5EH         LINE#         440
  C:5B68H         LINE#         441
  C:5B71H         LINE#         442
  C:5B74H         LINE#         443
  C:5B7AH         LINE#         444
  C:5B8BH         LINE#         445
  C:5B9EH         LINE#         446
  C:5BA6H         LINE#         447
  -------         ENDPROC       CONVER_WEEK
  -------         PROC          _CALCULATEWEEK
  X:00CAH         SYMBOL        century
  D:0002H         SYMBOL        year
  D:0003H         SYMBOL        month
  X:00CDH         SYMBOL        day
  -------         DO            
  D:0006H         SYMBOL        week
  -------         ENDDO         
  C:5949H         LINE#         449
  C:5950H         LINE#         450
  C:5950H         LINE#         452
  C:595AH         LINE#         453
  C:5964H         LINE#         454
  C:5970H         LINE#         456
  C:597BH         LINE#         457
  C:5980H         LINE#         458
  C:59B4H         LINE#         459
  C:59BFH         LINE#         460
  C:59BFH         LINE#         461
  -------         ENDPROC       _CALCULATEWEEK
  -------         PROC          _CALCULATE_TOTALDAYS_OFMONTH
BL51 BANKED LINKER/LOCATER V6.22.2.0                                                  03/24/2020  10:48:53  PAGE 50


  D:0007H         SYMBOL        year
  D:0005H         SYMBOL        month
  C:5CE6H         LINE#         464
  C:5CE6H         LINE#         465
  C:5CE6H         LINE#         466
  C:5D12H         LINE#         467
  C:5D12H         LINE#         468
  C:5D12H         LINE#         469
  C:5D1DH         LINE#         470
  C:5D1DH         LINE#         471
  C:5D20H         LINE#         472
  C:5D20H         LINE#         473
  C:5D23H         LINE#         474
  C:5D23H         LINE#         475
  C:5D23H         LINE#         476
  C:5D26H         LINE#         477
  C:5D29H         LINE#         478
  C:5D2CH         LINE#         479
  C:5D2CH         LINE#         480
  C:5D2EH         LINE#         481
  C:5D2EH         LINE#         483
  -------         ENDPROC       _CALCULATE_TOTALDAYS_OFMONTH
  -------         ENDMOD        CALENDAR

  -------         MODULE        ZK
  C:0000H         SYMBOL        _ICE_DUMMY_
  C:1686H         PUBLIC        kong3216
  C:1326H         PUBLIC        num1632
  C:1666H         PUBLIC        bfb
  C:16C6H         PUBLIC        kong
  C:1646H         PUBLIC        shd
  C:1606H         PUBLIC        wdj
  C:0026H         PUBLIC        num16321
  C:02E6H         PUBLIC        num16322
  C:05A6H         PUBLIC        num16323
  C:0866H         PUBLIC        num16324
  C:0B26H         PUBLIC        kj
  C:0F26H         PUBLIC        qqt
  C:15E6H         PUBLIC        wd
  C:1AC6H         PUBLIC        yi
  C:1626H         PUBLIC        nz
  -------         ENDMOD        ZK

  -------         MODULE        UART
  C:0000H         SYMBOL        _ICE_DUMMY_
  D:0080H         PUBLIC        P0
  D:0090H         PUBLIC        P1
  D:00A0H         PUBLIC        P2
  D:00B0H         PUBLIC        P3
  D:00E8H         PUBLIC        P4
  D:00A8H         PUBLIC        IE
  C:6208H         PUBLIC        _UartPutStr
  C:61BBH         PUBLIC        Uart_Init
  B:00A8H.4       PUBLIC        ES
  D:00B8H         PUBLIC        IP
  B:0098H.0       PUBLIC        RI
  B:0098H.1       PUBLIC        TI
BL51 BANKED LINKER/LOCATER V6.22.2.0                                                  03/24/2020  10:48:53  PAGE 51


  X:00A2H         PUBLIC        Receive_buffer
  D:0099H         PUBLIC        SBUF
  D:0087H         PUBLIC        PCON
  X:00B2H         PUBLIC        Ri_Adr
  D:0098H         PUBLIC        SCON
  D:0089H         PUBLIC        TMOD
  D:0088H         PUBLIC        TCON
  X:00B3H         PUBLIC        Ti_Len
  C:57D3H         PUBLIC        Uart_TRX_ISR
  D:008DH         PUBLIC        TH1
  B:0088H.6       PUBLIC        TR1
  X:00B4H         PUBLIC        Ti_Str
  D:00C8H         PUBLIC        T2CON
  D:00D0H         PUBLIC        PSW
  -------         PROC          _UARTPUTSTR
  D:0001H         SYMBOL        Uc_Str
  D:0005H         SYMBOL        Uc_Len
  C:6208H         LINE#         8
  C:6208H         LINE#         9
  C:6208H         LINE#         10
  C:620EH         LINE#         11
  C:6213H         LINE#         13
  C:6215H         LINE#         15
  -------         ENDPROC       _UARTPUTSTR
  -------         PROC          UART_TRX_ISR
  C:57D3H         LINE#         18
  C:57F1H         LINE#         21
  C:57F4H         LINE#         22
  C:57F4H         LINE#         23
  C:5813H         LINE#         24
  C:5815H         LINE#         25
  C:5815H         LINE#         27
  C:5818H         LINE#         28
  C:5818H         LINE#         29
  C:5823H         LINE#         30
  C:5837H         LINE#         32
  C:5839H         LINE#         33
  C:5839H         LINE#         34
  -------         ENDPROC       UART_TRX_ISR
  -------         PROC          UART_INIT
  C:61BBH         LINE#         50
  C:61BBH         LINE#         51
  C:61BBH         LINE#         52
  C:61BEH         LINE#         53
  C:61C1H         LINE#         54
  C:61C4H         LINE#         59
  C:61C7H         LINE#         60
  C:61C9H         LINE#         61
  C:61CBH         LINE#         62
  -------         ENDPROC       UART_INIT
  -------         ENDMOD        UART

  -------         MODULE        ?C?CLDPTR
  C:4C05H         PUBLIC        ?C?CLDPTR
  -------         ENDMOD        ?C?CLDPTR

  -------         MODULE        ?C?CLDOPTR
BL51 BANKED LINKER/LOCATER V6.22.2.0                                                  03/24/2020  10:48:53  PAGE 52


  C:4C1EH         PUBLIC        ?C?CLDOPTR
  -------         ENDMOD        ?C?CLDOPTR

  -------         MODULE        ?C?IMUL
  C:4C4BH         PUBLIC        ?C?IMUL
  -------         ENDMOD        ?C?IMUL

  -------         MODULE        ?C?UIDIV
  C:4C5DH         PUBLIC        ?C?UIDIV
  -------         ENDMOD        ?C?UIDIV

  -------         MODULE        ?C?IILDX
  C:4CB2H         PUBLIC        ?C?IILDX
  -------         ENDMOD        ?C?IILDX

  -------         MODULE        ?C?ILDIX
  C:4CC8H         PUBLIC        ?C?ILDIX
  -------         ENDMOD        ?C?ILDIX

  -------         MODULE        ?C?PLDXDATA
  C:4CDEH         PUBLIC        ?C?PLDXDATA
  -------         ENDMOD        ?C?PLDXDATA

  -------         MODULE        ?C?PLDIXDATA
  C:4CE7H         PUBLIC        ?C?PLDIXDATA
  -------         ENDMOD        ?C?PLDIXDATA

  -------         MODULE        ?C?PSTXDATA
  C:4CFEH         PUBLIC        ?C?PSTXDATA
  -------         ENDMOD        ?C?PSTXDATA

  -------         MODULE        ?C?CCASE
  C:4D07H         PUBLIC        ?C?CCASE
  -------         ENDMOD        ?C?CCASE

  -------         MODULE        ABS
  C:6223H         PUBLIC        _ABS
  -------         ENDMOD        ABS

*** WARNING L16: UNCALLED SEGMENT, IGNORED FOR OVERLAY PROCESS
    SEGMENT: ?PR?ROT_OS?ROT

*** WARNING L16: UNCALLED SEGMENT, IGNORED FOR OVERLAY PROCESS
    SEGMENT: ?PR?TEST_BZ?TEST

*** WARNING L16: UNCALLED SEGMENT, IGNORED FOR OVERLAY PROCESS
    SEGMENT: ?PR?TEST_BUTTONS?TEST

*** WARNING L16: UNCALLED SEGMENT, IGNORED FOR OVERLAY PROCESS
    SEGMENT: ?PR?TEST_DISPLAY_TEMPS?TEST

*** WARNING L16: UNCALLED SEGMENT, IGNORED FOR OVERLAY PROCESS
    SEGMENT: ?PR?TEST_LCD12864_DISPLAYPM0?TEST

*** WARNING L16: UNCALLED SEGMENT, IGNORED FOR OVERLAY PROCESS
    SEGMENT: ?PR?TEST_DS1302?TEST

BL51 BANKED LINKER/LOCATER V6.22.2.0                                                  03/24/2020  10:48:53  PAGE 53


*** WARNING L16: UNCALLED SEGMENT, IGNORED FOR OVERLAY PROCESS
    SEGMENT: ?PR?TEST_DHT?TEST

*** WARNING L16: UNCALLED SEGMENT, IGNORED FOR OVERLAY PROCESS
    SEGMENT: ?PR?D_10US?DELAY

*** WARNING L16: UNCALLED SEGMENT, IGNORED FOR OVERLAY PROCESS
    SEGMENT: ?PR?D_1MS?DELAY

*** WARNING L16: UNCALLED SEGMENT, IGNORED FOR OVERLAY PROCESS
    SEGMENT: ?PR?LCD_RDAT?LCD12864

*** WARNING L16: UNCALLED SEGMENT, IGNORED FOR OVERLAY PROCESS
    SEGMENT: ?PR?_LCD_DRAWLINE?LCD12864

*** WARNING L16: UNCALLED SEGMENT, IGNORED FOR OVERLAY PROCESS
    SEGMENT: ?PR?CONVER_WEEK?CALENDAR

*** WARNING L16: UNCALLED SEGMENT, IGNORED FOR OVERLAY PROCESS
    SEGMENT: ?PR?_UARTPUTSTR?UART

Program Size: data=58.5 xdata=260 code=25186
LINK/LOCATE RUN COMPLETE.  13 WARNING(S),  0 ERROR(S)
